Archive member included to satisfy reference by file (symbol)

/home/LLVM_MYSQL/knob_profiler/glibcForPRELOAD/glibc-2.31/build/libc_pic.a(check_fds.os)
                              /home/LLVM_MYSQL/knob_profiler/glibcForPRELOAD/glibc-2.31/build/elf/dl-allobjs.os (__libc_check_standard_fds)
/home/LLVM_MYSQL/knob_profiler/glibcForPRELOAD/glibc-2.31/build/libc_pic.a(errno.os)
                              /home/LLVM_MYSQL/knob_profiler/glibcForPRELOAD/glibc-2.31/build/libc_pic.a(check_fds.os) (__libc_errno)
/home/LLVM_MYSQL/knob_profiler/glibcForPRELOAD/glibc-2.31/build/libc_pic.a(setjmp.os)
                              /home/LLVM_MYSQL/knob_profiler/glibcForPRELOAD/glibc-2.31/build/elf/dl-allobjs.os (__sigsetjmp)
/home/LLVM_MYSQL/knob_profiler/glibcForPRELOAD/glibc-2.31/build/libc_pic.a(__longjmp.os)
                              /home/LLVM_MYSQL/knob_profiler/glibcForPRELOAD/glibc-2.31/build/elf/dl-allobjs.os (__longjmp)
/home/LLVM_MYSQL/knob_profiler/glibcForPRELOAD/glibc-2.31/build/libc_pic.a(scratch_buffer_set_array_size.os)
                              /home/LLVM_MYSQL/knob_profiler/glibcForPRELOAD/glibc-2.31/build/elf/dl-allobjs.os (__libc_scratch_buffer_set_array_size)
/home/LLVM_MYSQL/knob_profiler/glibcForPRELOAD/glibc-2.31/build/libc_pic.a(strchr.os)
                              /home/LLVM_MYSQL/knob_profiler/glibcForPRELOAD/glibc-2.31/build/elf/dl-allobjs.os (strchr)
/home/LLVM_MYSQL/knob_profiler/glibcForPRELOAD/glibc-2.31/build/libc_pic.a(strcmp.os)
                              /home/LLVM_MYSQL/knob_profiler/glibcForPRELOAD/glibc-2.31/build/elf/dl-allobjs.os (strcmp)
/home/LLVM_MYSQL/knob_profiler/glibcForPRELOAD/glibc-2.31/build/libc_pic.a(strcspn.os)
                              /home/LLVM_MYSQL/knob_profiler/glibcForPRELOAD/glibc-2.31/build/elf/dl-allobjs.os (strcspn)
/home/LLVM_MYSQL/knob_profiler/glibcForPRELOAD/glibc-2.31/build/libc_pic.a(strdup.os)
                              /home/LLVM_MYSQL/knob_profiler/glibcForPRELOAD/glibc-2.31/build/elf/dl-allobjs.os (__strdup)
/home/LLVM_MYSQL/knob_profiler/glibcForPRELOAD/glibc-2.31/build/libc_pic.a(strlen.os)
                              /home/LLVM_MYSQL/knob_profiler/glibcForPRELOAD/glibc-2.31/build/elf/dl-allobjs.os (strlen)
/home/LLVM_MYSQL/knob_profiler/glibcForPRELOAD/glibc-2.31/build/libc_pic.a(strnlen.os)
                              /home/LLVM_MYSQL/knob_profiler/glibcForPRELOAD/glibc-2.31/build/elf/dl-allobjs.os (strnlen)
/home/LLVM_MYSQL/knob_profiler/glibcForPRELOAD/glibc-2.31/build/libc_pic.a(strncmp.os)
                              /home/LLVM_MYSQL/knob_profiler/glibcForPRELOAD/glibc-2.31/build/elf/dl-allobjs.os (strncmp)
/home/LLVM_MYSQL/knob_profiler/glibcForPRELOAD/glibc-2.31/build/libc_pic.a(memchr.os)
                              /home/LLVM_MYSQL/knob_profiler/glibcForPRELOAD/glibc-2.31/build/elf/dl-allobjs.os (memchr)
/home/LLVM_MYSQL/knob_profiler/glibcForPRELOAD/glibc-2.31/build/libc_pic.a(memcmp.os)
                              /home/LLVM_MYSQL/knob_profiler/glibcForPRELOAD/glibc-2.31/build/elf/dl-allobjs.os (memcmp)
/home/LLVM_MYSQL/knob_profiler/glibcForPRELOAD/glibc-2.31/build/libc_pic.a(memmove.os)
                              /home/LLVM_MYSQL/knob_profiler/glibcForPRELOAD/glibc-2.31/build/elf/dl-allobjs.os (memmove)
/home/LLVM_MYSQL/knob_profiler/glibcForPRELOAD/glibc-2.31/build/libc_pic.a(memset.os)
                              /home/LLVM_MYSQL/knob_profiler/glibcForPRELOAD/glibc-2.31/build/elf/dl-allobjs.os (memset)
/home/LLVM_MYSQL/knob_profiler/glibcForPRELOAD/glibc-2.31/build/libc_pic.a(mempcpy.os)
                              /home/LLVM_MYSQL/knob_profiler/glibcForPRELOAD/glibc-2.31/build/elf/dl-allobjs.os (__mempcpy)
/home/LLVM_MYSQL/knob_profiler/glibcForPRELOAD/glibc-2.31/build/libc_pic.a(stpcpy.os)
                              /home/LLVM_MYSQL/knob_profiler/glibcForPRELOAD/glibc-2.31/build/elf/dl-allobjs.os (__stpcpy)
/home/LLVM_MYSQL/knob_profiler/glibcForPRELOAD/glibc-2.31/build/libc_pic.a(memcpy.os)
                              /home/LLVM_MYSQL/knob_profiler/glibcForPRELOAD/glibc-2.31/build/libc_pic.a(check_fds.os) (__GI_memcpy)
/home/LLVM_MYSQL/knob_profiler/glibcForPRELOAD/glibc-2.31/build/libc_pic.a(rawmemchr.os)
                              /home/LLVM_MYSQL/knob_profiler/glibcForPRELOAD/glibc-2.31/build/elf/dl-allobjs.os (rawmemchr)
/home/LLVM_MYSQL/knob_profiler/glibcForPRELOAD/glibc-2.31/build/libc_pic.a(strcmp-sse2.os)
                              /home/LLVM_MYSQL/knob_profiler/glibcForPRELOAD/glibc-2.31/build/libc_pic.a(strcmp.os) (__strcmp_sse2)
/home/LLVM_MYSQL/knob_profiler/glibcForPRELOAD/glibc-2.31/build/libc_pic.a(strcmp-sse2-unaligned.os)
                              /home/LLVM_MYSQL/knob_profiler/glibcForPRELOAD/glibc-2.31/build/libc_pic.a(strcmp.os) (__strcmp_sse2_unaligned)
/home/LLVM_MYSQL/knob_profiler/glibcForPRELOAD/glibc-2.31/build/libc_pic.a(strcmp-ssse3.os)
[...]
Memory Configuration

Name             Origin             Length             Attributes
*default*        0x0000000000000000 0xffffffffffffffff

Linker script and memory map

                0x0000000000000000                __stack_chk_fail = 0x0
                0x0000000000000000                __stack_chk_fail_local = 0x0
START GROUP
LOAD /home/LLVM_MYSQL/knob_profiler/glibcForPRELOAD/glibc-2.31/build/elf/dl-allobjs.os
LOAD /home/LLVM_MYSQL/knob_profiler/glibcForPRELOAD/glibc-2.31/build/libc_pic.a
LOAD /usr/lib/gcc/x86_64-linux-gnu/9/libgcc.a
END GROUP

.interp
 *(.interp)

.note.gnu.property
                0x0000000000000000       0x20
 .note.gnu.property
                0x0000000000000000       0x20 /home/LLVM_MYSQL/knob_profiler/glibcForPRELOAD/glibc-2.31/build/elf/dl-allobjs.os

.note.gnu.build-id
 *(.note.gnu.build-id)

.hash
 *(.hash)

.gnu.hash
 *(.gnu.hash)

.dynsym
 *(.dynsym)

.dynstr
 *(.dynstr)

.gnu.version
 *(.gnu.version)

.gnu.version_d
 *(.gnu.version_d)

.gnu.version_r
 *(.gnu.version_r)

.rela.init
 *(.rela.init)

.rela.text
 *(.rela.text)

.rela.fini
 *(.rela.fini)

.rela.rodata
 *(.rela.rodata)

.rela.data.rel.ro
 *(.rela.data.rel.ro)

.rela.data
 *(.rela.data)

.rela.tdata
 *(.rela.tdata)

.rela.tbss
 *(.rela.tbss)

.rela.ctors
 *(.rela.ctors)

.rela.dtors
 *(.rela.dtors)

.rela.got
 *(.rela.got)

.rela.bss
 *(.rela.bss)

.rela.ldata
 *(.rela.ldata)

.rela.lbss
 *(.rela.lbss)

.rela.lrodata
 *(.rela.lrodata)

.rela.ifunc
 *(.rela.ifunc)

.rela.plt
 *(.rela.plt)

.init
 *(SORT_NONE(.init))

.plt
 *(.plt)

.plt.got
 *(.plt.got)

.plt.sec
 *(.plt.sec)

.text           0x0000000000000000    0x2283c
 *(.text .stub)
 .text          0x0000000000000000    0x1b540 /home/LLVM_MYSQL/knob_profiler/glibcForPRELOAD/glibc-2.31/build/elf/dl-allobjs.os
                0x0000000000000000                _start
                0x0000000000000008                _dl_start_user
                0x00000000000012f0                handle_preload_list
                0x0000000000007a10                _dl_dst_count
                0x0000000000007ac0                _dl_dst_substitute
                0x0000000000008210                _dl_init_paths
                0x0000000000008560                _dl_map_object
                0x0000000000009000                _dl_rtld_di_serinfo
                0x0000000000009f60                _dl_lookup_symbol_x
                0x000000000000aef0                _dl_setup_hash
                0x000000000000afb0                _dl_add_to_namespace_list
                0x000000000000b050                _dl_new_object
                0x000000000000b480                _dl_try_allocate_static_tls
                0x000000000000b580                _dl_allocate_static_tls
                0x000000000000b5c0                _dl_nothread_init_static_tls
                0x000000000000b610                _dl_protect_relro
                0x000000000000b680                _dl_reloc_bad_type
                0x000000000000b750                _dl_relocate_object
                0x000000000000d200                _dl_map_object_deps
                0x000000000000e300                _dl_important_hwcaps
                0x000000000000eb70                _dl_fixup
                0x000000000000ed30                _dl_profile_fixup
                0x000000000000f3f0                _dl_call_pltexit
                0x000000000000f680                _dl_init
                0x000000000000f7c0                _dl_fini
                0x000000000000fbf0                _dl_debug_state
                0x000000000000fbf0                __GI__dl_debug_state
                0x000000000000fc00                _dl_debug_initialize
                0x0000000000010300                _dl_sysdep_read_whole_file
                0x00000000000103a0                _dl_debug_printf
                0x0000000000010450                _dl_debug_printf_c
                0x0000000000010500                _dl_dprintf
                0x00000000000105a0                _dl_name_match_p
                0x0000000000010610                _dl_higher_prime_number
                0x0000000000010660                _dl_strtoul
                0x00000000000107c0                _dl_check_map_versions
                0x0000000000010f30                _dl_check_all_versions
                0x0000000000010fb0                _dl_start_profile
                0x00000000000117d0                __GI__dl_mcount
                0x00000000000117d0                _dl_mcount
                0x0000000000011d60                _dl_next_tls_modid
                0x0000000000011e60                _dl_count_modids
                0x0000000000011ed0                _dl_determine_tlsoffset
                0x0000000000012080                _dl_get_tls_static_info
                0x00000000000120a0                _dl_allocate_tls_storage
                0x0000000000012170                __GI__dl_allocate_tls_init
                0x0000000000012170                _dl_allocate_tls_init
                0x00000000000123a0                __GI__dl_allocate_tls
                0x00000000000123a0                _dl_allocate_tls
                0x00000000000123e0                _dl_deallocate_tls
                0x00000000000123e0                __GI__dl_deallocate_tls
                0x0000000000012460                _dl_update_slotinfo
                0x00000000000126d0                __GI___tls_get_addr
                0x00000000000126d0                ___tls_get_addr
                0x0000000000012720                _dl_tls_get_addr_soft
                0x00000000000127a0                _dl_add_to_slotinfo
                0x00000000000128a0                __tls_get_addr_slow
                0x00000000000128d0                _dl_get_origin
                0x0000000000012a30                _dl_scope_free
                0x0000000000012b10                _dl_make_stack_executable
                0x0000000000012b10                __GI__dl_make_stack_executable
                0x0000000000012e70                __GI__dl_find_dso_for_object
                0x0000000000012e70                _dl_find_dso_for_object
                0x0000000000012f40                _dl_open
                0x0000000000013250                _dl_show_scope
                0x0000000000014040                _dl_close_worker
                0x00000000000151a0                _dl_close
                0x0000000000015210                _dl_runtime_profile_avx512
                0x0000000000015690                _dl_runtime_profile_avx
                0x0000000000015b10                _dl_runtime_profile_sse
                0x0000000000015d10                _dl_runtime_resolve_fxsave
                0x0000000000015d90                _dl_runtime_resolve_xsave
                0x0000000000015e60                _dl_runtime_resolve_xsavec
                0x0000000000015f50                _dl_exception_create
                0x0000000000015f50                __GI__dl_exception_create
                0x0000000000016040                __GI__dl_exception_create_format
                0x0000000000016040                _dl_exception_create_format
                0x00000000000164b0                _dl_exception_free
                0x00000000000164b0                __GI__dl_exception_free
                0x00000000000164e0                _dl_sort_maps
                0x00000000000167f0                _dl_cache_libcmp
                0x00000000000168c0                _dl_load_cache_lookup
                0x0000000000016f10                _dl_unload_cache
                0x0000000000016ff0                __tunable_set_val
                0x0000000000017020                __GI___tunables_init
                0x0000000000017500                __tunable_get_val
                0x0000000000017500                __GI___tunable_get_val
                0x0000000000017570                _dl_make_tlsdesc_dynamic
                0x0000000000017870                _dl_tlsdesc_resolve_rela_fixup
                0x0000000000017a30                _dl_tlsdesc_resolve_hold_fixup
                0x0000000000017a70                _dl_unmap
                0x0000000000017af0                _dl_tlsdesc_return
                0x0000000000017b00                _dl_tlsdesc_undefweak
                0x0000000000017b20                _dl_tlsdesc_dynamic
                0x0000000000017bc0                _dl_tlsdesc_resolve_rela
                0x0000000000017c40                _dl_tlsdesc_resolve_hold
                0x0000000000017cc0                __tls_get_addr
                0x0000000000017d10                __get_cpu_features
                0x0000000000018330                _dl_cet_open_check
                0x0000000000018340                _dl_cet_check
                0x0000000000018350                _dl_tunable_set_hwcaps
                0x0000000000019070                _dl_tunable_set_x86_ibt
                0x0000000000019100                _dl_tunable_set_x86_shstk
                0x0000000000019520                _dl_sysdep_start
                0x0000000000019e40                _dl_sysdep_start_cleanup
                0x0000000000019e50                _dl_show_auxv
                0x000000000001a000                _dl_discover_osversion
                0x000000000001a1e0                _dl_next_ld_env_entry
                0x000000000001a230                unsetenv
                0x000000000001a2c0                malloc
                0x000000000001a3e0                calloc
                0x000000000001a420                free
                0x000000000001a460                __sigjmp_save
                0x000000000001a470                __strerror_r
                0x000000000001a560                __GI___libc_fatal
                0x000000000001a560                __libc_fatal
                0x000000000001a590                __GI___chk_fail
                0x000000000001a590                __chk_fail
                0x000000000001a5b0                __GI___assert_fail
                0x000000000001a5b0                __assert_fail
                0x000000000001a610                realloc
                0x000000000001a6a0                __GI___assert_perror_fail
                0x000000000001a6a0                __assert_perror_fail
                0x000000000001a710                _itoa
                0x000000000001a770                __strsep
                0x000000000001a770                strsep
                0x000000000001a770                __strsep_g
                0x000000000001a8b0                _dl_signal_exception
                0x000000000001a900                _dl_signal_error
                0x000000000001a960                _dl_signal_cexception
                0x000000000001a9f0                _dl_signal_cerror
                0x000000000001aa80                _dl_catch_exception
                0x000000000001ab70                _dl_catch_error
                0x000000000001abc0                _dl_receive_error
                0x000000000001ac10                _dl_resolve_conflicts
                0x000000000001ad70                __brk
                0x000000000001ad70                brk
                0x000000000001adc0                sbrk
                0x000000000001adc0                __sbrk
                0x000000000001ae60                __getcwd
                0x000000000001ae60                getcwd
                0x000000000001b2e0                openat64
                0x000000000001b340                __alloc_dir
                0x000000000001b440                __opendir
                0x000000000001b440                opendir
                0x000000000001b4f0                __fxstatat
                0x000000000001b4f0                __fxstatat64
                0x000000000001b4f0                __GI___fxstatat64
 .text          0x000000000001b540       0xe6 /home/LLVM_MYSQL/knob_profiler/glibcForPRELOAD/glibc-2.31/build/libc_pic.a(check_fds.os)
                0x000000000001b5f0                __libc_check_standard_fds
 .text          0x000000000001b626        0x0 /home/LLVM_MYSQL/knob_profiler/glibcForPRELOAD/glibc-2.31/build/libc_pic.a(errno.os)
 *fill*         0x000000000001b626        0xa 
 .text          0x000000000001b630       0x72 /home/LLVM_MYSQL/knob_profiler/glibcForPRELOAD/glibc-2.31/build/libc_pic.a(setjmp.os)
                0x000000000001b630                __sigsetjmp
                0x000000000001b630                __GI___sigsetjmp
 *fill*         0x000000000001b6a2        0xe 
 .text          0x000000000001b6b0       0x8e /home/LLVM_MYSQL/knob_profiler/glibcForPRELOAD/glibc-2.31/build/libc_pic.a(__longjmp.os)
                0x000000000001b6b0                __longjmp
 *fill*         0x000000000001b73e        0x2 
 .text          0x000000000001b740       0xae /home/LLVM_MYSQL/knob_profiler/glibcForPRELOAD/glibc-2.31/build/libc_pic.a(scratch_buffer_set_array_size.os)
                0x000000000001b740                __libc_scratch_buffer_set_array_size
                0x000000000001b740                __GI___libc_scratch_buffer_set_array_size
 *fill*         0x000000000001b7ee        0x2 
 .text          0x000000000001b7f0       0x4c /home/LLVM_MYSQL/knob_profiler/glibcForPRELOAD/glibc-2.31/build/libc_pic.a(strchr.os)
                0x000000000001b7f0                __GI_strchr
                0x000000000001b7f0                index
                0x000000000001b7f0                strchr
 *fill*         0x000000000001b83c        0x4 
 .text          0x000000000001b840       0x59 /home/LLVM_MYSQL/knob_profiler/glibcForPRELOAD/glibc-2.31/build/libc_pic.a(strcmp.os)
                0x000000000001b840                __GI_strcmp
                0x000000000001b840                strcmp
 *fill*         0x000000000001b899        0x7 
 .text          0x000000000001b8a0       0x22 /home/LLVM_MYSQL/knob_profiler/glibcForPRELOAD/glibc-2.31/build/libc_pic.a(strcspn.os)
                0x000000000001b8a0                strcspn
                0x000000000001b8a0                __GI_strcspn
 *fill*         0x000000000001b8c2        0xe 
 .text          0x000000000001b8d0       0x40 /home/LLVM_MYSQL/knob_profiler/glibcForPRELOAD/glibc-2.31/build/libc_pic.a(strdup.os)
                0x000000000001b8d0                __GI___strdup
                0x000000000001b8d0                __strdup
                0x000000000001b8d0                strdup
 .text          0x000000000001b910       0x3c /home/LLVM_MYSQL/knob_profiler/glibcForPRELOAD/glibc-2.31/build/libc_pic.a(strlen.os)
                0x000000000001b910                strlen
                0x000000000001b910                __GI_strlen
 *fill*         0x000000000001b94c        0x4 
 .text          0x000000000001b950       0x3c /home/LLVM_MYSQL/knob_profiler/glibcForPRELOAD/glibc-2.31/build/libc_pic.a(strnlen.os)
                0x000000000001b950                __strnlen
                0x000000000001b950                strnlen
                0x000000000001b950                __GI___strnlen
                0x000000000001b950                __GI_strnlen
 *fill*         0x000000000001b98c        0x4 
 .text          0x000000000001b990       0x63 /home/LLVM_MYSQL/knob_profiler/glibcForPRELOAD/glibc-2.31/build/libc_pic.a(strncmp.os)
                0x000000000001b990                __GI_strncmp
                0x000000000001b990                strncmp
 *fill*         0x000000000001b9f3        0xd 
 .text          0x000000000001ba00       0x3c /home/LLVM_MYSQL/knob_profiler/glibcForPRELOAD/glibc-2.31/build/libc_pic.a(memchr.os)
                0x000000000001ba00                __GI_memchr
                0x000000000001ba00                memchr
                0x000000000001ba00                __memchr
 *fill*         0x000000000001ba3c        0x4 
 .text          0x000000000001ba40       0x69 /home/LLVM_MYSQL/knob_profiler/glibcForPRELOAD/glibc-2.31/build/libc_pic.a(memcmp.os)
                0x000000000001ba40                bcmp
                0x000000000001ba40                __GI_memcmp
                0x000000000001ba40                memcmp
 *fill*         0x000000000001baa9        0x7 
 .text          0x000000000001bab0       0xb7 /home/LLVM_MYSQL/knob_profiler/glibcForPRELOAD/glibc-2.31/build/libc_pic.a(memmove.os)
                0x000000000001bab0                memmove
                0x000000000001bab0                __GI_memmove
                0x000000000001bab0                __libc_memmove
 *fill*         0x000000000001bb67        0x9 
 .text          0x000000000001bb70       0x9b /home/LLVM_MYSQL/knob_profiler/glibcForPRELOAD/glibc-2.31/build/libc_pic.a(memset.os)
                0x000000000001bb70                __GI_memset
                0x000000000001bb70                memset
 *fill*         0x000000000001bc0b        0x5 
 .text          0x000000000001bc10       0xb7 /home/LLVM_MYSQL/knob_profiler/glibcForPRELOAD/glibc-2.31/build/libc_pic.a(mempcpy.os)
                0x000000000001bc10                mempcpy
                0x000000000001bc10                __GI_mempcpy
                0x000000000001bc10                __mempcpy
                0x000000000001bc10                __GI___mempcpy
 *fill*         0x000000000001bcc7        0x9 
 .text          0x000000000001bcd0       0x59 /home/LLVM_MYSQL/knob_profiler/glibcForPRELOAD/glibc-2.31/build/libc_pic.a(stpcpy.os)
                0x000000000001bcd0                stpcpy
                0x000000000001bcd0                __GI_stpcpy
                0x000000000001bcd0                __stpcpy
                0x000000000001bcd0                __GI___stpcpy
 *fill*         0x000000000001bd29        0x7 
 .text          0x000000000001bd30       0xb7 /home/LLVM_MYSQL/knob_profiler/glibcForPRELOAD/glibc-2.31/build/libc_pic.a(memcpy.os)
                0x000000000001bd30                __GI_memcpy
                0x000000000001bd30                __new_memcpy
                0x000000000001bd30                memcpy@@GLIBC_2.14
 *fill*         0x000000000001bde7        0x9 
 .text          0x000000000001bdf0       0x3c /home/LLVM_MYSQL/knob_profiler/glibcForPRELOAD/glibc-2.31/build/libc_pic.a(rawmemchr.os)
                0x000000000001bdf0                __GI___rawmemchr
                0x000000000001bdf0                __rawmemchr
                0x000000000001bdf0                rawmemchr
 *fill*         0x000000000001be2c        0x4 
 .text          0x000000000001be30     0x1449 /home/LLVM_MYSQL/knob_profiler/glibcForPRELOAD/glibc-2.31/build/libc_pic.a(strcmp-sse2.os)
                0x000000000001be30                __strcmp_sse2
 *fill*         0x000000000001d279        0x7 
 .text          0x000000000001d280      0x2a3 /home/LLVM_MYSQL/knob_profiler/glibcForPRELOAD/glibc-2.31/build/libc_pic.a(strcmp-sse2-unaligned.os)
                0x000000000001d280                __strcmp_sse2_unaligned
 .text          0x000000000001d523        0x0 /home/LLVM_MYSQL/knob_profiler/glibcForPRELOAD/glibc-2.31/build/libc_pic.a(strcmp-ssse3.os)
 .text          0x000000000001d523        0x0 /home/LLVM_MYSQL/knob_profiler/glibcForPRELOAD/glibc-2.31/build/libc_pic.a(strcmp-avx2.os)
 *fill*         0x000000000001d523        0xd 
 .text          0x000000000001d530     0x1859 /home/LLVM_MYSQL/knob_profiler/glibcForPRELOAD/glibc-2.31/build/libc_pic.a(strncmp-sse2.os)
                0x000000000001d530                __strncmp_sse2
 .text          0x000000000001ed89        0x0 /home/LLVM_MYSQL/knob_profiler/glibcForPRELOAD/glibc-2.31/build/libc_pic.a(strncmp-ssse3.os)
 .text          0x000000000001ed89        0x0 /home/LLVM_MYSQL/knob_profiler/glibcForPRELOAD/glibc-2.31/build/libc_pic.a(strncmp-sse4_2.os)
 .text          0x000000000001ed89        0x0 /home/LLVM_MYSQL/knob_profiler/glibcForPRELOAD/glibc-2.31/build/libc_pic.a(strncmp-avx2.os)
 *fill*         0x000000000001ed89        0x7 
 .text          0x000000000001ed90      0x323 /home/LLVM_MYSQL/knob_profiler/glibcForPRELOAD/glibc-2.31/build/libc_pic.a(memchr-sse2.os)
                0x000000000001ed90                __memchr_sse2
 *fill*         0x000000000001f0b3        0xd 
 .text          0x000000000001f0c0      0x209 /home/LLVM_MYSQL/knob_profiler/glibcForPRELOAD/glibc-2.31/build/libc_pic.a(rawmemchr-sse2.os)
                0x000000000001f0c0                __rawmemchr_sse2
 .text          0x000000000001f2c9        0x0 /home/LLVM_MYSQL/knob_profiler/glibcForPRELOAD/glibc-2.31/build/libc_pic.a(memchr-avx2.os)
 .text          0x000000000001f2c9        0x0 /home/LLVM_MYSQL/knob_profiler/glibcForPRELOAD/glibc-2.31/build/libc_pic.a(rawmemchr-avx2.os)
 *fill*         0x000000000001f2c9        0x7 
 .text          0x000000000001f2d0      0x400 /home/LLVM_MYSQL/knob_profiler/glibcForPRELOAD/glibc-2.31/build/libc_pic.a(memcmp-sse2.os)
                0x000000000001f2d0                __memcmp_sse2
 .text          0x000000000001f6d0        0x0 /home/LLVM_MYSQL/knob_profiler/glibcForPRELOAD/glibc-2.31/build/libc_pic.a(memcmp-avx2-movbe.os)
 .text          0x000000000001f6d0        0x0 /home/LLVM_MYSQL/knob_profiler/glibcForPRELOAD/glibc-2.31/build/libc_pic.a(memcmp-sse4.os)
 .text          0x000000000001f6d0        0x0 /home/LLVM_MYSQL/knob_profiler/glibcForPRELOAD/glibc-2.31/build/libc_pic.a(memcpy-ssse3.os)
 .text          0x000000000001f6d0        0x0 /home/LLVM_MYSQL/knob_profiler/glibcForPRELOAD/glibc-2.31/build/libc_pic.a(memmove-ssse3.os)
 .text          0x000000000001f6d0        0x0 /home/LLVM_MYSQL/knob_profiler/glibcForPRELOAD/glibc-2.31/build/libc_pic.a(memcpy-ssse3-back.os)
 .text          0x000000000001f6d0        0x0 /home/LLVM_MYSQL/knob_profiler/glibcForPRELOAD/glibc-2.31/build/libc_pic.a(memmove-ssse3-back.os)
 .text          0x000000000001f6d0        0x0 /home/LLVM_MYSQL/knob_profiler/glibcForPRELOAD/glibc-2.31/build/libc_pic.a(memmove-avx512-no-vzeroupper.os)
 .text          0x000000000001f6d0      0x22a /home/LLVM_MYSQL/knob_profiler/glibcForPRELOAD/glibc-2.31/build/libc_pic.a(strchr-sse2.os)
                0x000000000001f6d0                __strchr_sse2
 .text          0x000000000001f8fa        0x0 /home/LLVM_MYSQL/knob_profiler/glibcForPRELOAD/glibc-2.31/build/libc_pic.a(strchr-avx2.os)
 *fill*         0x000000000001f8fa        0x6 
 .text          0x000000000001f900      0x19c /home/LLVM_MYSQL/knob_profiler/glibcForPRELOAD/glibc-2.31/build/libc_pic.a(strlen-sse2.os)
                0x000000000001f900                __strlen_sse2
                0x000000000001f900                __GI___strlen_sse2
 *fill*         0x000000000001fa9c        0x4 
 .text          0x000000000001faa0      0x218 /home/LLVM_MYSQL/knob_profiler/glibcForPRELOAD/glibc-2.31/build/libc_pic.a(strnlen-sse2.os)
                0x000000000001faa0                __strnlen_sse2
 .text          0x000000000001fcb8        0x0 /home/LLVM_MYSQL/knob_profiler/glibcForPRELOAD/glibc-2.31/build/libc_pic.a(strlen-avx2.os)
 .text          0x000000000001fcb8        0x0 /home/LLVM_MYSQL/knob_profiler/glibcForPRELOAD/glibc-2.31/build/libc_pic.a(strnlen-avx2.os)
 *fill*         0x000000000001fcb8        0x8 
 .text          0x000000000001fcc0       0xec /home/LLVM_MYSQL/knob_profiler/glibcForPRELOAD/glibc-2.31/build/libc_pic.a(stpcpy-sse2.os)
                0x000000000001fcc0                __stpcpy_sse2
 .text          0x000000000001fdac        0x0 /home/LLVM_MYSQL/knob_profiler/glibcForPRELOAD/glibc-2.31/build/libc_pic.a(stpcpy-ssse3.os)
 *fill*         0x000000000001fdac        0x4 
 .text          0x000000000001fdb0      0x6c0 /home/LLVM_MYSQL/knob_profiler/glibcForPRELOAD/glibc-2.31/build/libc_pic.a(stpcpy-sse2-unaligned.os)
                0x000000000001fdb0                __stpcpy_sse2_unaligned
 .text          0x0000000000020470        0x0 /home/LLVM_MYSQL/knob_profiler/glibcForPRELOAD/glibc-2.31/build/libc_pic.a(stpcpy-avx2.os)
 .text          0x0000000000020470        0x0 /home/LLVM_MYSQL/knob_profiler/glibcForPRELOAD/glibc-2.31/build/libc_pic.a(strchr-sse2-no-bsf.os)
 .text          0x0000000000020470        0x0 /home/LLVM_MYSQL/knob_profiler/glibcForPRELOAD/glibc-2.31/build/libc_pic.a(memcmp-ssse3.os)
 .text          0x0000000000020470       0xa7 /home/LLVM_MYSQL/knob_profiler/glibcForPRELOAD/glibc-2.31/build/libc_pic.a(strcspn-sse2.os)
                0x0000000000020470                __strcspn_sse2
 .text          0x0000000000020517        0x0 /home/LLVM_MYSQL/knob_profiler/glibcForPRELOAD/glibc-2.31/build/libc_pic.a(strcspn-c.os)
 .text          0x0000000000020517        0x0 /home/LLVM_MYSQL/knob_profiler/glibcForPRELOAD/glibc-2.31/build/libc_pic.a(varshift.os)
 .text          0x0000000000020517        0x0 /home/LLVM_MYSQL/knob_profiler/glibcForPRELOAD/glibc-2.31/build/libc_pic.a(memset-avx512-no-vzeroupper.os)
 *fill*         0x0000000000020517        0x9 
 .text          0x0000000000020520      0x40d /home/LLVM_MYSQL/knob_profiler/glibcForPRELOAD/glibc-2.31/build/libc_pic.a(memmove-sse2-unaligned-erms.os)
                0x0000000000020520                __mempcpy_chk_sse2_unaligned
                0x0000000000020530                __mempcpy_sse2_unaligned
                0x0000000000020540                __memcpy_chk_sse2_unaligned
                0x0000000000020540                __memmove_chk_sse2_unaligned
                0x0000000000020550                __memmove_sse2_unaligned
                0x0000000000020550                __memcpy_sse2_unaligned
                0x0000000000020550                memcpy@GLIBC_2.2.5
                0x0000000000020580                __mempcpy_chk_erms
                0x0000000000020590                __mempcpy_erms
                0x00000000000205b0                __memcpy_chk_erms
                0x00000000000205b0                __memmove_chk_erms
                0x00000000000205c0                __memmove_erms
                0x00000000000205c0                __memcpy_erms
                0x0000000000020600                __mempcpy_chk_sse2_unaligned_erms
                0x0000000000020610                __mempcpy_sse2_unaligned_erms
                0x0000000000020620                __memmove_chk_sse2_unaligned_erms
                0x0000000000020620                __memcpy_chk_sse2_unaligned_erms
                0x0000000000020630                __memmove_sse2_unaligned_erms
                0x0000000000020630                __memcpy_sse2_unaligned_erms
 .text          0x000000000002092d        0x0 /home/LLVM_MYSQL/knob_profiler/glibcForPRELOAD/glibc-2.31/build/libc_pic.a(memmove-avx-unaligned-erms.os)
 .text          0x000000000002092d        0x0 /home/LLVM_MYSQL/knob_profiler/glibcForPRELOAD/glibc-2.31/build/libc_pic.a(memmove-avx512-unaligned-erms.os)
 *fill*         0x000000000002092d        0x3 
 .text          0x0000000000020930      0x1b7 /home/LLVM_MYSQL/knob_profiler/glibcForPRELOAD/glibc-2.31/build/libc_pic.a(memset-sse2-unaligned-erms.os)
                0x0000000000020930                __bzero
                0x0000000000020930                bzero
                0x0000000000020940                __wmemset_chk_sse2_unaligned
                0x0000000000020950                __wmemset_sse2_unaligned
                0x0000000000020970                __memset_chk_sse2_unaligned
                0x0000000000020980                __memset_sse2_unaligned
                0x00000000000209c0                __memset_chk_erms
                0x00000000000209d0                __memset_erms
                0x00000000000209f0                __memset_chk_sse2_unaligned_erms
                0x0000000000020a00                __memset_sse2_unaligned_erms
 .text          0x0000000000020ae7        0x0 /home/LLVM_MYSQL/knob_profiler/glibcForPRELOAD/glibc-2.31/build/libc_pic.a(memset-avx2-unaligned-erms.os)
 .text          0x0000000000020ae7        0x0 /home/LLVM_MYSQL/knob_profiler/glibcForPRELOAD/glibc-2.31/build/libc_pic.a(memset-avx512-unaligned-erms.os)
 *fill*         0x0000000000020ae7        0x9 
 .text          0x0000000000020af0      0x5cd /home/LLVM_MYSQL/knob_profiler/glibcForPRELOAD/glibc-2.31/build/libc_pic.a(cacheinfo.os)
                0x0000000000021090                __cache_sysconf
 *fill*         0x00000000000210bd        0x3 
 .text          0x00000000000210c0       0x2d /home/LLVM_MYSQL/knob_profiler/glibcForPRELOAD/glibc-2.31/build/libc_pic.a(closedir.os)
                0x00000000000210c0                __closedir
                0x00000000000210c0                closedir
 *fill*         0x00000000000210ed        0x3 
 .text          0x00000000000210f0       0xb3 /home/LLVM_MYSQL/knob_profiler/glibcForPRELOAD/glibc-2.31/build/libc_pic.a(rewinddir.os)
                0x00000000000210f0                rewinddir
                0x00000000000210f0                __rewinddir
                0x00000000000210f0                __GI___rewinddir
 *fill*         0x00000000000211a3        0xd 
 .text          0x00000000000211b0      0x10c /home/LLVM_MYSQL/knob_profiler/glibcForPRELOAD/glibc-2.31/build/libc_pic.a(readdir64.os)
                0x00000000000211b0                readdir
                0x00000000000211b0                __readdir64
                0x00000000000211b0                __readdir
                0x00000000000211b0                __GI___readdir64
                0x00000000000211b0                readdir64
 *fill*         0x00000000000212bc        0x4 
 .text          0x00000000000212c0       0xa2 /home/LLVM_MYSQL/knob_profiler/glibcForPRELOAD/glibc-2.31/build/libc_pic.a(fdopendir.os)
                0x00000000000212c0                fdopendir
                0x00000000000212c0                __fdopendir
 *fill*         0x0000000000021362        0xe 
 .text          0x0000000000021370       0x25 /home/LLVM_MYSQL/knob_profiler/glibcForPRELOAD/glibc-2.31/build/libc_pic.a(uname.os)
                0x0000000000021370                uname
                0x0000000000021370                __GI_uname
                0x0000000000021370                __uname
                0x0000000000021370                __GI___uname
 *fill*         0x0000000000021395        0xb 
 .text          0x00000000000213a0       0x58 /home/LLVM_MYSQL/knob_profiler/glibcForPRELOAD/glibc-2.31/build/libc_pic.a(_exit.os)
                0x00000000000213a0                _Exit
                0x00000000000213a0                __GI__exit
                0x00000000000213a0                _exit
 *fill*         0x00000000000213f8        0x8 
 .text          0x0000000000021400        0xc /home/LLVM_MYSQL/knob_profiler/glibcForPRELOAD/glibc-2.31/build/libc_pic.a(getpid.os)
                0x0000000000021400                __getpid
                0x0000000000021400                getpid
                0x0000000000021400                __GI_getpid
                0x0000000000021400                __GI___getpid
 .text          0x000000000002140c        0x0 /home/LLVM_MYSQL/knob_profiler/glibcForPRELOAD/glibc-2.31/build/libc_pic.a(environ.os)
 *fill*         0x000000000002140c        0x4 
 .text          0x0000000000021410       0x54 /home/LLVM_MYSQL/knob_profiler/glibcForPRELOAD/glibc-2.31/build/libc_pic.a(xstat.os)
                0x0000000000021410                _xstat
                0x0000000000021410                __xstat64
                0x0000000000021410                __GI___xstat64
                0x0000000000021410                __GI___xstat
                0x0000000000021410                __xstat
 *fill*         0x0000000000021464        0xc 
 .text          0x0000000000021470       0x54 /home/LLVM_MYSQL/knob_profiler/glibcForPRELOAD/glibc-2.31/build/libc_pic.a(fxstat.os)
                0x0000000000021470                __GI___fxstat
                0x0000000000021470                __GI___fxstat64
                0x0000000000021470                __fxstat64
                0x0000000000021470                _fxstat
                0x0000000000021470                __fxstat
 *fill*         0x00000000000214c4        0xc 
 .text          0x00000000000214d0       0x54 /home/LLVM_MYSQL/knob_profiler/glibcForPRELOAD/glibc-2.31/build/libc_pic.a(lxstat.os)
                0x00000000000214d0                __GI___lxstat
                0x00000000000214d0                _lxstat
                0x00000000000214d0                __lxstat
                0x00000000000214d0                __lxstat64
                0x00000000000214d0                __GI___lxstat64
 *fill*         0x0000000000021524        0xc 
 .text          0x0000000000021530       0x2c /home/LLVM_MYSQL/knob_profiler/glibcForPRELOAD/glibc-2.31/build/libc_pic.a(lseek64.os)
                0x0000000000021530                __compat_llseek
                0x0000000000021530                __GI___lseek
                0x0000000000021530                __lseek64
                0x0000000000021530                lseek
                0x0000000000021530                __libc_lseek64
                0x0000000000021530                llseek@GLIBC_2.2.5
                0x0000000000021530                __lseek
                0x0000000000021530                __libc_lseek
                0x0000000000021530                lseek64
 *fill*         0x000000000002155c        0x4 
 .text          0x0000000000021560       0x2a /home/LLVM_MYSQL/knob_profiler/glibcForPRELOAD/glibc-2.31/build/libc_pic.a(access.os)
                0x0000000000021560                __GI___access
                0x0000000000021560                access
                0x0000000000021560                __access
 *fill*         0x000000000002158a        0x6 
 .text          0x0000000000021590       0x2a /home/LLVM_MYSQL/knob_profiler/glibcForPRELOAD/glibc-2.31/build/libc_pic.a(close_nocancel.os)
                0x0000000000021590                __GI___close_nocancel
                0x0000000000021590                __close_nocancel
 *fill*         0x00000000000215ba        0x6 
 .text          0x00000000000215c0       0x93 /home/LLVM_MYSQL/knob_profiler/glibcForPRELOAD/glibc-2.31/build/libc_pic.a(fcntl_nocancel.os)
                0x00000000000215c0                __fcntl64_nocancel_adjusted
                0x0000000000021620                __fcntl64_nocancel
                0x0000000000021620                __GI___fcntl64_nocancel
 *fill*         0x0000000000021653        0xd 
 .text          0x0000000000021660       0x82 /home/LLVM_MYSQL/knob_profiler/glibcForPRELOAD/glibc-2.31/build/libc_pic.a(open64_nocancel.os)
                0x0000000000021660                __GI___open_nocancel
                0x0000000000021660                __open_nocancel
                0x0000000000021660                __GI___open64_nocancel
                0x0000000000021660                __open64_nocancel
 *fill*         0x00000000000216e2        0xe 
 .text          0x00000000000216f0       0x6a /home/LLVM_MYSQL/knob_profiler/glibcForPRELOAD/glibc-2.31/build/libc_pic.a(openat64_nocancel.os)
                0x00000000000216f0                __GI___openat64_nocancel
                0x00000000000216f0                __openat64_nocancel
                0x00000000000216f0                __GI___openat_nocancel
                0x00000000000216f0                __openat_nocancel
 *fill*         0x000000000002175a        0x6 
 .text          0x0000000000021760       0x2c /home/LLVM_MYSQL/knob_profiler/glibcForPRELOAD/glibc-2.31/build/libc_pic.a(read_nocancel.os)
                0x0000000000021760                __read_nocancel
                0x0000000000021760                __GI___read_nocancel
 *fill*         0x000000000002178c        0x4 
 .text          0x0000000000021790       0x34 /home/LLVM_MYSQL/knob_profiler/glibcForPRELOAD/glibc-2.31/build/libc_pic.a(pread64_nocancel.os)
                0x0000000000021790                __GI___pread64_nocancel
                0x0000000000021790                __pread64_nocancel
 *fill*         0x00000000000217c4        0xc 
 .text          0x00000000000217d0       0x2c /home/LLVM_MYSQL/knob_profiler/glibcForPRELOAD/glibc-2.31/build/libc_pic.a(write_nocancel.os)
                0x00000000000217d0                __GI___write_nocancel
                0x00000000000217d0                __write_nocancel
 *fill*         0x00000000000217fc        0x4 
 .text          0x0000000000021800       0xa5 /home/LLVM_MYSQL/knob_profiler/glibcForPRELOAD/glibc-2.31/build/libc_pic.a(mmap64.os)
                0x0000000000021800                __GI___mmap
                0x0000000000021800                __mmap
                0x0000000000021800                mmap
                0x0000000000021800                __GI___mmap64
                0x0000000000021800                __mmap64
                0x0000000000021800                mmap64
 *fill*         0x00000000000218a5        0xb 
 .text          0x00000000000218b0       0x25 /home/LLVM_MYSQL/knob_profiler/glibcForPRELOAD/glibc-2.31/build/libc_pic.a(munmap.os)
                0x00000000000218b0                munmap
                0x00000000000218b0                __GI___munmap
                0x00000000000218b0                __GI_munmap
                0x00000000000218b0                __munmap
 *fill*         0x00000000000218d5        0xb 
 .text          0x00000000000218e0       0x25 /home/LLVM_MYSQL/knob_profiler/glibcForPRELOAD/glibc-2.31/build/libc_pic.a(mprotect.os)
                0x00000000000218e0                __mprotect
                0x00000000000218e0                __GI___mprotect
                0x00000000000218e0                __GI_mprotect
                0x00000000000218e0                mprotect
 *fill*         0x0000000000021905        0xb 
 .text          0x0000000000021910      0x8c9 /home/LLVM_MYSQL/knob_profiler/glibcForPRELOAD/glibc-2.31/build/libc_pic.a(profil.os)
                0x0000000000021910                callback
                0x00000000000219d0                pc2index
                0x00000000000219f0                readval
                0x0000000000021e90                check_timer
                0x0000000000022040                __profil
                0x0000000000022040                profil
 *fill*         0x00000000000221d9        0x7 
 .text          0x00000000000221e0       0x11 /home/LLVM_MYSQL/knob_profiler/glibcForPRELOAD/glibc-2.31/build/libc_pic.a(prof-freq.os)
                0x00000000000221e0                __GI___profile_frequency
                0x00000000000221e0                __profile_frequency
 *fill*         0x00000000000221f1        0xf 
 .text          0x0000000000022200      0x1de /home/LLVM_MYSQL/knob_profiler/glibcForPRELOAD/glibc-2.31/build/libc_pic.a(dl-iteratephdr.os)
                0x0000000000022200                dl_iterate_phdr
                0x0000000000022200                __GI___dl_iterate_phdr
                0x0000000000022200                __dl_iterate_phdr
 *fill*         0x00000000000223de        0x2 
 .text          0x00000000000223e0       0x7b /home/LLVM_MYSQL/knob_profiler/glibcForPRELOAD/glibc-2.31/build/libc_pic.a(dl-addr-obj.os)
                0x00000000000223e0                _dl_addr_inside_object
 *fill*         0x000000000002245b        0x5 
 .text          0x0000000000022460      0x1f4 /home/LLVM_MYSQL/knob_profiler/glibcForPRELOAD/glibc-2.31/build/libc_pic.a(sigaction.os)
                0x0000000000022480                __libc_sigaction
                0x0000000000022480                __GI___libc_sigaction
                0x0000000000022620                sigaction
                0x0000000000022620                __GI___sigaction
                0x0000000000022620                __sigaction
 *fill*         0x0000000000022654        0xc 
 .text          0x0000000000022660       0x31 /home/LLVM_MYSQL/knob_profiler/glibcForPRELOAD/glibc-2.31/build/libc_pic.a(libc-lowlevellock.os)
                0x0000000000022660                __lll_lock_wait_private
 *fill*         0x0000000000022691        0xf 
 .text          0x00000000000226a0      0x120 /home/LLVM_MYSQL/knob_profiler/glibcForPRELOAD/glibc-2.31/build/libc_pic.a(gettimeofday.os)
                0x00000000000226e0                __gettimeofday
                0x00000000000226e0                gettimeofday
 .text          0x00000000000227c0       0x25 /home/LLVM_MYSQL/knob_profiler/glibcForPRELOAD/glibc-2.31/build/libc_pic.a(setitimer.os)
                0x00000000000227c0                setitimer
                0x00000000000227c0                __setitimer
                0x00000000000227c0                __GI_setitimer
                0x00000000000227c0                __GI___setitimer
 *fill*         0x00000000000227e5        0xb 
 .text          0x00000000000227f0       0x3c /home/LLVM_MYSQL/knob_profiler/glibcForPRELOAD/glibc-2.31/build/libc_pic.a(getdents64.os)
                0x00000000000227f0                __getdents
                0x00000000000227f0                __GI___getdents64
                0x00000000000227f0                getdents64
                0x00000000000227f0                __getdents64
 *fill*         0x000000000002282c        0x4 
 .text          0x0000000000022830        0xc /home/LLVM_MYSQL/knob_profiler/glibcForPRELOAD/glibc-2.31/build/libc_pic.a(gettid.os)
                0x0000000000022830                gettid
                0x0000000000022830                __GI_gettid
                0x0000000000022830                __GI___gettid
                0x0000000000022830                __gettid
 *(.gnu.warning)

.text.ssse3     0x0000000000000000     0xedb3
 .text.ssse3    0x0000000000000000     0x1269 /home/LLVM_MYSQL/knob_profiler/glibcForPRELOAD/glibc-2.31/build/libc_pic.a(strcmp-ssse3.os)
                0x0000000000000000                __GI___strcmp_ssse3
                0x0000000000000000                __strcmp_ssse3
 *fill*         0x0000000000001269        0x7 
 .text.ssse3    0x0000000000001270     0x1769 /home/LLVM_MYSQL/knob_profiler/glibcForPRELOAD/glibc-2.31/build/libc_pic.a(strncmp-ssse3.os)
                0x0000000000001270                __strncmp_ssse3
 *fill*         0x00000000000029d9        0x7 
 .text.ssse3    0x00000000000029e0     0x29f7 /home/LLVM_MYSQL/knob_profiler/glibcForPRELOAD/glibc-2.31/build/libc_pic.a(memcpy-ssse3.os)
                0x00000000000029e0                __mempcpy_chk_ssse3
                0x00000000000029f0                __mempcpy_ssse3
                0x0000000000002a00                __memcpy_chk_ssse3
                0x0000000000002a10                __memcpy_ssse3
 *fill*         0x00000000000053d7        0x9 
 .text.ssse3    0x00000000000053e0     0x2b88 /home/LLVM_MYSQL/knob_profiler/glibcForPRELOAD/glibc-2.31/build/libc_pic.a(memmove-ssse3.os)
                0x00000000000053e0                __memmove_chk_ssse3
                0x00000000000053f0                __memmove_ssse3
 *fill*         0x0000000000007f68        0x8 
 .text.ssse3    0x0000000000007f70     0x2b06 /home/LLVM_MYSQL/knob_profiler/glibcForPRELOAD/glibc-2.31/build/libc_pic.a(memcpy-ssse3-back.os)
                0x0000000000007f70                __mempcpy_chk_ssse3_back
                0x0000000000007f80                __mempcpy_ssse3_back
                0x0000000000007f90                __memcpy_chk_ssse3_back
                0x0000000000007fa0                __memcpy_ssse3_back
 *fill*         0x000000000000aa76        0xa 
 .text.ssse3    0x000000000000aa80     0x2b26 /home/LLVM_MYSQL/knob_profiler/glibcForPRELOAD/glibc-2.31/build/libc_pic.a(memmove-ssse3-back.os)
                0x000000000000aa80                __memmove_chk_ssse3_back
                0x000000000000aa90                __memmove_ssse3_back
 *fill*         0x000000000000d5a6        0xa 
 .text.ssse3    0x000000000000d5b0     0x1803 /home/LLVM_MYSQL/knob_profiler/glibcForPRELOAD/glibc-2.31/build/libc_pic.a(stpcpy-ssse3.os)
                0x000000000000d5b0                __stpcpy_ssse3

.text.avx       0x0000000000000000     0x222f
 .text.avx      0x0000000000000000      0x43f /home/LLVM_MYSQL/knob_profiler/glibcForPRELOAD/glibc-2.31/build/libc_pic.a(strcmp-avx2.os)
                0x0000000000000000                __strcmp_avx2
 *fill*         0x000000000000043f        0x1 
 .text.avx      0x0000000000000440      0x518 /home/LLVM_MYSQL/knob_profiler/glibcForPRELOAD/glibc-2.31/build/libc_pic.a(strncmp-avx2.os)
                0x0000000000000440                __strncmp_avx2
 *fill*         0x0000000000000958        0x8 
 .text.avx      0x0000000000000960      0x2cd /home/LLVM_MYSQL/knob_profiler/glibcForPRELOAD/glibc-2.31/build/libc_pic.a(memchr-avx2.os)
                0x0000000000000960                __memchr_avx2
 *fill*         0x0000000000000c2d        0x3 
 .text.avx      0x0000000000000c30      0x14d /home/LLVM_MYSQL/knob_profiler/glibcForPRELOAD/glibc-2.31/build/libc_pic.a(rawmemchr-avx2.os)
                0x0000000000000c30                __rawmemchr_avx2
 *fill*         0x0000000000000d7d        0x3 
 .text.avx      0x0000000000000d80      0x3d4 /home/LLVM_MYSQL/knob_profiler/glibcForPRELOAD/glibc-2.31/build/libc_pic.a(memcmp-avx2-movbe.os)
                0x0000000000000d80                __memcmp_avx2_movbe
 *fill*         0x0000000000001154        0xc 
 .text.avx      0x0000000000001160      0x224 /home/LLVM_MYSQL/knob_profiler/glibcForPRELOAD/glibc-2.31/build/libc_pic.a(strchr-avx2.os)
                0x0000000000001160                __strchr_avx2
 *fill*         0x0000000000001384        0xc 
 .text.avx      0x0000000000001390      0x19e /home/LLVM_MYSQL/knob_profiler/glibcForPRELOAD/glibc-2.31/build/libc_pic.a(strlen-avx2.os)
                0x0000000000001390                __strlen_avx2
 *fill*         0x000000000000152e        0x2 
 .text.avx      0x0000000000001530      0x31e /home/LLVM_MYSQL/knob_profiler/glibcForPRELOAD/glibc-2.31/build/libc_pic.a(strnlen-avx2.os)
                0x0000000000001530                __strnlen_avx2
 *fill*         0x000000000000184e        0x2 
 .text.avx      0x0000000000001850      0x3ac /home/LLVM_MYSQL/knob_profiler/glibcForPRELOAD/glibc-2.31/build/libc_pic.a(stpcpy-avx2.os)
                0x0000000000001850                __stpcpy_avx2
 *fill*         0x0000000000001bfc        0x4 
 .text.avx      0x0000000000001c00      0x478 /home/LLVM_MYSQL/knob_profiler/glibcForPRELOAD/glibc-2.31/build/libc_pic.a(memmove-avx-unaligned-erms.os)
                0x0000000000001c00                __mempcpy_chk_avx_unaligned
                0x0000000000001c10                __mempcpy_avx_unaligned
                0x0000000000001c20                __memcpy_chk_avx_unaligned
                0x0000000000001c20                __memmove_chk_avx_unaligned
                0x0000000000001c30                __memcpy_avx_unaligned
                0x0000000000001c30                __memmove_avx_unaligned
                0x0000000000001c70                __mempcpy_chk_avx_unaligned_erms
                0x0000000000001c80                __mempcpy_avx_unaligned_erms
                0x0000000000001c90                __memmove_chk_avx_unaligned_erms
                0x0000000000001c90                __memcpy_chk_avx_unaligned_erms
                0x0000000000001ca0                __memcpy_avx_unaligned_erms
                0x0000000000001ca0                __memmove_avx_unaligned_erms
 *fill*         0x0000000000002078        0x8 
 .text.avx      0x0000000000002080      0x1af /home/LLVM_MYSQL/knob_profiler/glibcForPRELOAD/glibc-2.31/build/libc_pic.a(memset-avx2-unaligned-erms.os)
                0x0000000000002080                __wmemset_chk_avx2_unaligned
                0x0000000000002090                __wmemset_avx2_unaligned
                0x00000000000020b0                __memset_chk_avx2_unaligned
                0x00000000000020c0                __memset_avx2_unaligned
                0x00000000000020f0                __memset_avx2_erms
                0x0000000000002110                __memset_chk_avx2_unaligned_erms
                0x0000000000002120                __memset_avx2_unaligned_erms

.text.sse4.2    0x0000000000000000     0x111f
 .text.sse4.2   0x0000000000000000      0xfd9 /home/LLVM_MYSQL/knob_profiler/glibcForPRELOAD/glibc-2.31/build/libc_pic.a(strncmp-sse4_2.os)
                0x0000000000000000                __strncmp_sse42
 *fill*         0x0000000000000fd9        0x7 
 .text.sse4.2   0x0000000000000fe0      0x13f /home/LLVM_MYSQL/knob_profiler/glibcForPRELOAD/glibc-2.31/build/libc_pic.a(strcspn-c.os)
                0x0000000000000fe0                __strcspn_sse42

.text.sse4.1    0x0000000000000000     0x163e
 .text.sse4.1   0x0000000000000000     0x163e /home/LLVM_MYSQL/knob_profiler/glibcForPRELOAD/glibc-2.31/build/libc_pic.a(memcmp-sse4.os)
                0x0000000000000000                __memcmp_sse4_1

.text.avx512    0x0000000000000000     0x1185
 .text.avx512   0x0000000000000000      0x76f /home/LLVM_MYSQL/knob_profiler/glibcForPRELOAD/glibc-2.31/build/libc_pic.a(memmove-avx512-no-vzeroupper.os)
                0x0000000000000000                __mempcpy_chk_avx512_no_vzeroupper
                0x0000000000000010                __mempcpy_avx512_no_vzeroupper
                0x0000000000000020                __memcpy_chk_avx512_no_vzeroupper
                0x0000000000000020                __memmove_chk_avx512_no_vzeroupper
                0x0000000000000030                __memcpy_avx512_no_vzeroupper
                0x0000000000000030                __memmove_avx512_no_vzeroupper
 *fill*         0x000000000000076f        0x1 
 .text.avx512   0x0000000000000770      0x284 /home/LLVM_MYSQL/knob_profiler/glibcForPRELOAD/glibc-2.31/build/libc_pic.a(memset-avx512-no-vzeroupper.os)
                0x0000000000000770                __memset_chk_avx512_no_vzeroupper
                0x0000000000000780                __memset_avx512_no_vzeroupper
 *fill*         0x00000000000009f4        0xc 
 .text.avx512   0x0000000000000a00      0x580 /home/LLVM_MYSQL/knob_profiler/glibcForPRELOAD/glibc-2.31/build/libc_pic.a(memmove-avx512-unaligned-erms.os)
                0x0000000000000a00                __mempcpy_chk_avx512_unaligned
                0x0000000000000a10                __mempcpy_avx512_unaligned
                0x0000000000000a20                __memcpy_chk_avx512_unaligned
                0x0000000000000a20                __memmove_chk_avx512_unaligned
                0x0000000000000a30                __memmove_avx512_unaligned
                0x0000000000000a30                __memcpy_avx512_unaligned
                0x0000000000000a70                __mempcpy_chk_avx512_unaligned_erms
                0x0000000000000a80                __mempcpy_avx512_unaligned_erms
                0x0000000000000a90                __memcpy_chk_avx512_unaligned_erms
                0x0000000000000a90                __memmove_chk_avx512_unaligned_erms
                0x0000000000000aa0                __memmove_avx512_unaligned_erms
                0x0000000000000aa0                __memcpy_avx512_unaligned_erms
 .text.avx512   0x0000000000000f80      0x205 /home/LLVM_MYSQL/knob_profiler/glibcForPRELOAD/glibc-2.31/build/libc_pic.a(memset-avx512-unaligned-erms.os)
                0x0000000000000f80                __wmemset_chk_avx512_unaligned
                0x0000000000000f90                __wmemset_avx512_unaligned
                0x0000000000000fb0                __memset_chk_avx512_unaligned
                0x0000000000000fc0                __memset_avx512_unaligned
                0x0000000000001000                __memset_avx512_erms
                0x0000000000001020                __memset_chk_avx512_unaligned_erms
                0x0000000000001030                __memset_avx512_unaligned_erms

.text.atom      0x0000000000000000     0x1a83
 .text.atom     0x0000000000000000      0x315 /home/LLVM_MYSQL/knob_profiler/glibcForPRELOAD/glibc-2.31/build/libc_pic.a(strchr-sse2-no-bsf.os)
                0x0000000000000000                __strchr_sse2_no_bsf
 *fill*         0x0000000000000315        0xb 
 .text.atom     0x0000000000000320     0x1763 /home/LLVM_MYSQL/knob_profiler/glibcForPRELOAD/glibc-2.31/build/libc_pic.a(memcmp-ssse3.os)
                0x0000000000000320                __memcmp_ssse3

.text.startup   0x0000000000000000      0x492
 .text.startup  0x0000000000000000      0x492 /home/LLVM_MYSQL/knob_profiler/glibcForPRELOAD/glibc-2.31/build/libc_pic.a(cacheinfo.os)

.fini
 *(SORT_NONE(.fini))

.rodata         0x0000000000000000     0x13e2
 *(.rodata)
 .rodata        0x0000000000000000      0xea4 /home/LLVM_MYSQL/knob_profiler/glibcForPRELOAD/glibc-2.31/build/elf/dl-allobjs.os
 *fill*         0x0000000000000ea4        0x4 
 .rodata        0x0000000000000ea8       0x40 /home/LLVM_MYSQL/knob_profiler/glibcForPRELOAD/glibc-2.31/build/libc_pic.a(strcmp-sse2.os)
 .rodata        0x0000000000000ee8       0x40 /home/LLVM_MYSQL/knob_profiler/glibcForPRELOAD/glibc-2.31/build/libc_pic.a(strcmp-ssse3.os)
 .rodata        0x0000000000000f28       0x40 /home/LLVM_MYSQL/knob_profiler/glibcForPRELOAD/glibc-2.31/build/libc_pic.a(strncmp-sse2.os)
 .rodata        0x0000000000000f68       0x40 /home/LLVM_MYSQL/knob_profiler/glibcForPRELOAD/glibc-2.31/build/libc_pic.a(strncmp-ssse3.os)
 .rodata        0x0000000000000fa8       0x80 /home/LLVM_MYSQL/knob_profiler/glibcForPRELOAD/glibc-2.31/build/libc_pic.a(stpcpy-sse2-unaligned.os)
 *fill*         0x0000000000001028        0x8 
 .rodata        0x0000000000001030       0x1f /home/LLVM_MYSQL/knob_profiler/glibcForPRELOAD/glibc-2.31/build/libc_pic.a(varshift.os)
                0x0000000000001030                ___m128i_shift_right
 *fill*         0x000000000000104f       0x11 
 .rodata        0x0000000000001060      0x360 /home/LLVM_MYSQL/knob_profiler/glibcForPRELOAD/glibc-2.31/build/libc_pic.a(cacheinfo.os)
 .rodata        0x00000000000013c0       0x22 /home/LLVM_MYSQL/knob_profiler/glibcForPRELOAD/glibc-2.31/build/libc_pic.a(profil.os)
                0x00000000000013c0                x86_64_regstr_tbl

.rodata.str1.1  0x0000000000000000     0x141e
 .rodata.str1.1
                0x0000000000000000     0x13b3 /home/LLVM_MYSQL/knob_profiler/glibcForPRELOAD/glibc-2.31/build/elf/dl-allobjs.os
 .rodata.str1.1
                0x00000000000013b3       0x14 /home/LLVM_MYSQL/knob_profiler/glibcForPRELOAD/glibc-2.31/build/libc_pic.a(check_fds.os)
 .rodata.str1.1
                0x00000000000013c7       0x39 /home/LLVM_MYSQL/knob_profiler/glibcForPRELOAD/glibc-2.31/build/libc_pic.a(cacheinfo.os)
 .rodata.str1.1
                0x0000000000001400       0x1e /home/LLVM_MYSQL/knob_profiler/glibcForPRELOAD/glibc-2.31/build/libc_pic.a(gettimeofday.os)

.rodata.str1.8  0x0000000000000000     0x290b
 .rodata.str1.8
                0x0000000000000000     0x28f9 /home/LLVM_MYSQL/knob_profiler/glibcForPRELOAD/glibc-2.31/build/elf/dl-allobjs.os
 *fill*         0x00000000000028f9        0x7 
 .rodata.str1.8
                0x0000000000002900        0xb /home/LLVM_MYSQL/knob_profiler/glibcForPRELOAD/glibc-2.31/build/libc_pic.a(cacheinfo.os)

.rodata.str1.16
                0x0000000000000000      0x3c1
 .rodata.str1.16
                0x0000000000000000      0x3a6 /home/LLVM_MYSQL/knob_profiler/glibcForPRELOAD/glibc-2.31/build/elf/dl-allobjs.os
                0x0000000000000370                __GI__itoa_lower_digits
                0x0000000000000370                _itoa_lower_digits
 *fill*         0x00000000000003a6        0xa 
 .rodata.str1.16
                0x00000000000003b0       0x11 /home/LLVM_MYSQL/knob_profiler/glibcForPRELOAD/glibc-2.31/build/libc_pic.a(cacheinfo.os)

.rodata.cst16   0x0000000000000000       0x20
 .rodata.cst16  0x0000000000000000       0x10 /home/LLVM_MYSQL/knob_profiler/glibcForPRELOAD/glibc-2.31/build/elf/dl-allobjs.os
 .rodata.cst16  0x0000000000000010       0x10 /home/LLVM_MYSQL/knob_profiler/glibcForPRELOAD/glibc-2.31/build/libc_pic.a(profil.os)

.rodata.cst4    0x0000000000000000        0x4
 .rodata.cst4   0x0000000000000000        0x4 /home/LLVM_MYSQL/knob_profiler/glibcForPRELOAD/glibc-2.31/build/elf/dl-allobjs.os

.rodata.str1.32
                0x0000000000000000       0x9b
 .rodata.str1.32
                0x0000000000000000       0x9b /home/LLVM_MYSQL/knob_profiler/glibcForPRELOAD/glibc-2.31/build/elf/dl-allobjs.os

.rodata.sse4.2  0x0000000000000000       0x40
 .rodata.sse4.2
                0x0000000000000000       0x40 /home/LLVM_MYSQL/knob_profiler/glibcForPRELOAD/glibc-2.31/build/libc_pic.a(strncmp-sse4_2.os)

.rodata.sse4.1  0x0000000000000000      0x140
 .rodata.sse4.1
                0x0000000000000000      0x140 /home/LLVM_MYSQL/knob_profiler/glibcForPRELOAD/glibc-2.31/build/libc_pic.a(memcmp-sse4.os)

.rodata.ssse3   0x0000000000000000      0xd80
 .rodata.ssse3  0x0000000000000000      0x1c0 /home/LLVM_MYSQL/knob_profiler/glibcForPRELOAD/glibc-2.31/build/libc_pic.a(memcpy-ssse3.os)
 .rodata.ssse3  0x00000000000001c0      0x1c0 /home/LLVM_MYSQL/knob_profiler/glibcForPRELOAD/glibc-2.31/build/libc_pic.a(memmove-ssse3.os)
 .rodata.ssse3  0x0000000000000380      0x500 /home/LLVM_MYSQL/knob_profiler/glibcForPRELOAD/glibc-2.31/build/libc_pic.a(memcpy-ssse3-back.os)
 .rodata.ssse3  0x0000000000000880      0x500 /home/LLVM_MYSQL/knob_profiler/glibcForPRELOAD/glibc-2.31/build/libc_pic.a(memmove-ssse3-back.os)

.rodata.cst2    0x0000000000000000        0x2
 .rodata.cst2   0x0000000000000000        0x2 /home/LLVM_MYSQL/knob_profiler/glibcForPRELOAD/glibc-2.31/build/libc_pic.a(profil.os)
                0x0000000000000000                reg_table_size

.rodata1
 *(.rodata1)

.eh_frame_hdr
 *(.eh_frame_hdr)

.eh_frame       0x0000000000000000     0x41ac
 *(.eh_frame)
 .eh_frame      0x0000000000000000     0x2658 /home/LLVM_MYSQL/knob_profiler/glibcForPRELOAD/glibc-2.31/build/elf/dl-allobjs.os
                                       0x269c (size before relaxing)
 *fill*         0x0000000000002658        0x0 
 .eh_frame      0x0000000000002658       0x68 /home/LLVM_MYSQL/knob_profiler/glibcForPRELOAD/glibc-2.31/build/libc_pic.a(check_fds.os)
 .eh_frame      0x00000000000026c0       0x30 /home/LLVM_MYSQL/knob_profiler/glibcForPRELOAD/glibc-2.31/build/libc_pic.a(setjmp.os)
 .eh_frame      0x00000000000026f0       0x48 /home/LLVM_MYSQL/knob_profiler/glibcForPRELOAD/glibc-2.31/build/libc_pic.a(__longjmp.os)
 .eh_frame      0x0000000000002738       0x58 /home/LLVM_MYSQL/knob_profiler/glibcForPRELOAD/glibc-2.31/build/libc_pic.a(scratch_buffer_set_array_size.os)
 .eh_frame      0x0000000000002790       0x30 /home/LLVM_MYSQL/knob_profiler/glibcForPRELOAD/glibc-2.31/build/libc_pic.a(strchr.os)
 .eh_frame      0x00000000000027c0       0x30 /home/LLVM_MYSQL/knob_profiler/glibcForPRELOAD/glibc-2.31/build/libc_pic.a(strcmp.os)
 .eh_frame      0x00000000000027f0       0x30 /home/LLVM_MYSQL/knob_profiler/glibcForPRELOAD/glibc-2.31/build/libc_pic.a(strcspn.os)
 .eh_frame      0x0000000000002820       0x50 /home/LLVM_MYSQL/knob_profiler/glibcForPRELOAD/glibc-2.31/build/libc_pic.a(strdup.os)
 .eh_frame      0x0000000000002870       0x30 /home/LLVM_MYSQL/knob_profiler/glibcForPRELOAD/glibc-2.31/build/libc_pic.a(strlen.os)
 .eh_frame      0x00000000000028a0       0x30 /home/LLVM_MYSQL/knob_profiler/glibcForPRELOAD/glibc-2.31/build/libc_pic.a(strnlen.os)
 .eh_frame      0x00000000000028d0       0x30 /home/LLVM_MYSQL/knob_profiler/glibcForPRELOAD/glibc-2.31/build/libc_pic.a(strncmp.os)
 .eh_frame      0x0000000000002900       0x30 /home/LLVM_MYSQL/knob_profiler/glibcForPRELOAD/glibc-2.31/build/libc_pic.a(memchr.os)
 .eh_frame      0x0000000000002930       0x30 /home/LLVM_MYSQL/knob_profiler/glibcForPRELOAD/glibc-2.31/build/libc_pic.a(memcmp.os)
 .eh_frame      0x0000000000002960       0x30 /home/LLVM_MYSQL/knob_profiler/glibcForPRELOAD/glibc-2.31/build/libc_pic.a(memmove.os)
 .eh_frame      0x0000000000002990       0x30 /home/LLVM_MYSQL/knob_profiler/glibcForPRELOAD/glibc-2.31/build/libc_pic.a(memset.os)
 .eh_frame      0x00000000000029c0       0x30 /home/LLVM_MYSQL/knob_profiler/glibcForPRELOAD/glibc-2.31/build/libc_pic.a(mempcpy.os)
 .eh_frame      0x00000000000029f0       0x30 /home/LLVM_MYSQL/knob_profiler/glibcForPRELOAD/glibc-2.31/build/libc_pic.a(stpcpy.os)
 .eh_frame      0x0000000000002a20       0x30 /home/LLVM_MYSQL/knob_profiler/glibcForPRELOAD/glibc-2.31/build/libc_pic.a(memcpy.os)
 .eh_frame      0x0000000000002a50       0x30 /home/LLVM_MYSQL/knob_profiler/glibcForPRELOAD/glibc-2.31/build/libc_pic.a(rawmemchr.os)
 .eh_frame      0x0000000000002a80       0x30 /home/LLVM_MYSQL/knob_profiler/glibcForPRELOAD/glibc-2.31/build/libc_pic.a(strcmp-sse2.os)
 .eh_frame      0x0000000000002ab0       0x30 /home/LLVM_MYSQL/knob_profiler/glibcForPRELOAD/glibc-2.31/build/libc_pic.a(strcmp-sse2-unaligned.os)
 .eh_frame      0x0000000000002ae0       0x30 /home/LLVM_MYSQL/knob_profiler/glibcForPRELOAD/glibc-2.31/build/libc_pic.a(strcmp-ssse3.os)
 .eh_frame      0x0000000000002b10       0x30 /home/LLVM_MYSQL/knob_profiler/glibcForPRELOAD/glibc-2.31/build/libc_pic.a(strcmp-avx2.os)
 .eh_frame      0x0000000000002b40       0x30 /home/LLVM_MYSQL/knob_profiler/glibcForPRELOAD/glibc-2.31/build/libc_pic.a(strncmp-sse2.os)
 .eh_frame      0x0000000000002b70       0x30 /home/LLVM_MYSQL/knob_profiler/glibcForPRELOAD/glibc-2.31/build/libc_pic.a(strncmp-ssse3.os)
 .eh_frame      0x0000000000002ba0       0x30 /home/LLVM_MYSQL/knob_profiler/glibcForPRELOAD/glibc-2.31/build/libc_pic.a(strncmp-sse4_2.os)
 .eh_frame      0x0000000000002bd0       0x30 /home/LLVM_MYSQL/knob_profiler/glibcForPRELOAD/glibc-2.31/build/libc_pic.a(strncmp-avx2.os)
 .eh_frame      0x0000000000002c00       0x30 /home/LLVM_MYSQL/knob_profiler/glibcForPRELOAD/glibc-2.31/build/libc_pic.a(memchr-sse2.os)
 .eh_frame      0x0000000000002c30       0x30 /home/LLVM_MYSQL/knob_profiler/glibcForPRELOAD/glibc-2.31/build/libc_pic.a(rawmemchr-sse2.os)
 .eh_frame      0x0000000000002c60       0x30 /home/LLVM_MYSQL/knob_profiler/glibcForPRELOAD/glibc-2.31/build/libc_pic.a(memchr-avx2.os)
 .eh_frame      0x0000000000002c90       0x30 /home/LLVM_MYSQL/knob_profiler/glibcForPRELOAD/glibc-2.31/build/libc_pic.a(rawmemchr-avx2.os)
 .eh_frame      0x0000000000002cc0       0x30 /home/LLVM_MYSQL/knob_profiler/glibcForPRELOAD/glibc-2.31/build/libc_pic.a(memcmp-sse2.os)
 .eh_frame      0x0000000000002cf0       0x30 /home/LLVM_MYSQL/knob_profiler/glibcForPRELOAD/glibc-2.31/build/libc_pic.a(memcmp-avx2-movbe.os)
 .eh_frame      0x0000000000002d20       0x30 /home/LLVM_MYSQL/knob_profiler/glibcForPRELOAD/glibc-2.31/build/libc_pic.a(memcmp-sse4.os)
 .eh_frame      0x0000000000002d50       0x68 /home/LLVM_MYSQL/knob_profiler/glibcForPRELOAD/glibc-2.31/build/libc_pic.a(memcpy-ssse3.os)
 .eh_frame      0x0000000000002db8       0x40 /home/LLVM_MYSQL/knob_profiler/glibcForPRELOAD/glibc-2.31/build/libc_pic.a(memmove-ssse3.os)
 .eh_frame      0x0000000000002df8       0x68 /home/LLVM_MYSQL/knob_profiler/glibcForPRELOAD/glibc-2.31/build/libc_pic.a(memcpy-ssse3-back.os)
 .eh_frame      0x0000000000002e60       0x40 /home/LLVM_MYSQL/knob_profiler/glibcForPRELOAD/glibc-2.31/build/libc_pic.a(memmove-ssse3-back.os)
 .eh_frame      0x0000000000002ea0       0x68 /home/LLVM_MYSQL/knob_profiler/glibcForPRELOAD/glibc-2.31/build/libc_pic.a(memmove-avx512-no-vzeroupper.os)
 .eh_frame      0x0000000000002f08       0x30 /home/LLVM_MYSQL/knob_profiler/glibcForPRELOAD/glibc-2.31/build/libc_pic.a(strchr-sse2.os)
 .eh_frame      0x0000000000002f38       0x30 /home/LLVM_MYSQL/knob_profiler/glibcForPRELOAD/glibc-2.31/build/libc_pic.a(strchr-avx2.os)
 .eh_frame      0x0000000000002f68       0x30 /home/LLVM_MYSQL/knob_profiler/glibcForPRELOAD/glibc-2.31/build/libc_pic.a(strlen-sse2.os)
 .eh_frame      0x0000000000002f98       0x30 /home/LLVM_MYSQL/knob_profiler/glibcForPRELOAD/glibc-2.31/build/libc_pic.a(strnlen-sse2.os)
 .eh_frame      0x0000000000002fc8       0x30 /home/LLVM_MYSQL/knob_profiler/glibcForPRELOAD/glibc-2.31/build/libc_pic.a(strlen-avx2.os)
 .eh_frame      0x0000000000002ff8       0x30 /home/LLVM_MYSQL/knob_profiler/glibcForPRELOAD/glibc-2.31/build/libc_pic.a(strnlen-avx2.os)
 .eh_frame      0x0000000000003028       0x30 /home/LLVM_MYSQL/knob_profiler/glibcForPRELOAD/glibc-2.31/build/libc_pic.a(stpcpy-sse2.os)
 .eh_frame      0x0000000000003058       0x30 /home/LLVM_MYSQL/knob_profiler/glibcForPRELOAD/glibc-2.31/build/libc_pic.a(stpcpy-ssse3.os)
 .eh_frame      0x0000000000003088       0x30 /home/LLVM_MYSQL/knob_profiler/glibcForPRELOAD/glibc-2.31/build/libc_pic.a(stpcpy-sse2-unaligned.os)
 .eh_frame      0x00000000000030b8       0x30 /home/LLVM_MYSQL/knob_profiler/glibcForPRELOAD/glibc-2.31/build/libc_pic.a(stpcpy-avx2.os)
 .eh_frame      0x00000000000030e8       0x30 /home/LLVM_MYSQL/knob_profiler/glibcForPRELOAD/glibc-2.31/build/libc_pic.a(strchr-sse2-no-bsf.os)
 .eh_frame      0x0000000000003118       0x30 /home/LLVM_MYSQL/knob_profiler/glibcForPRELOAD/glibc-2.31/build/libc_pic.a(memcmp-ssse3.os)
 .eh_frame      0x0000000000003148       0x38 /home/LLVM_MYSQL/knob_profiler/glibcForPRELOAD/glibc-2.31/build/libc_pic.a(strcspn-sse2.os)
 .eh_frame      0x0000000000003180       0x30 /home/LLVM_MYSQL/knob_profiler/glibcForPRELOAD/glibc-2.31/build/libc_pic.a(strcspn-c.os)
 .eh_frame      0x00000000000031b0       0x40 /home/LLVM_MYSQL/knob_profiler/glibcForPRELOAD/glibc-2.31/build/libc_pic.a(memset-avx512-no-vzeroupper.os)
 .eh_frame      0x00000000000031f0      0x108 /home/LLVM_MYSQL/knob_profiler/glibcForPRELOAD/glibc-2.31/build/libc_pic.a(memmove-sse2-unaligned-erms.os)
 .eh_frame      0x00000000000032f8       0xb8 /home/LLVM_MYSQL/knob_profiler/glibcForPRELOAD/glibc-2.31/build/libc_pic.a(memmove-avx-unaligned-erms.os)
 .eh_frame      0x00000000000033b0       0xb8 /home/LLVM_MYSQL/knob_profiler/glibcForPRELOAD/glibc-2.31/build/libc_pic.a(memmove-avx512-unaligned-erms.os)
 .eh_frame      0x0000000000003468       0xd0 /home/LLVM_MYSQL/knob_profiler/glibcForPRELOAD/glibc-2.31/build/libc_pic.a(memset-sse2-unaligned-erms.os)
 .eh_frame      0x0000000000003538       0xa8 /home/LLVM_MYSQL/knob_profiler/glibcForPRELOAD/glibc-2.31/build/libc_pic.a(memset-avx2-unaligned-erms.os)
 .eh_frame      0x00000000000035e0       0xa8 /home/LLVM_MYSQL/knob_profiler/glibcForPRELOAD/glibc-2.31/build/libc_pic.a(memset-avx512-unaligned-erms.os)
 .eh_frame      0x0000000000003688      0x198 /home/LLVM_MYSQL/knob_profiler/glibcForPRELOAD/glibc-2.31/build/libc_pic.a(cacheinfo.os)
 .eh_frame      0x0000000000003820       0x38 /home/LLVM_MYSQL/knob_profiler/glibcForPRELOAD/glibc-2.31/build/libc_pic.a(closedir.os)
 .eh_frame      0x0000000000003858       0x48 /home/LLVM_MYSQL/knob_profiler/glibcForPRELOAD/glibc-2.31/build/libc_pic.a(rewinddir.os)
 .eh_frame      0x00000000000038a0       0x58 /home/LLVM_MYSQL/knob_profiler/glibcForPRELOAD/glibc-2.31/build/libc_pic.a(readdir64.os)
 .eh_frame      0x00000000000038f8       0x50 /home/LLVM_MYSQL/knob_profiler/glibcForPRELOAD/glibc-2.31/build/libc_pic.a(fdopendir.os)
 .eh_frame      0x0000000000003948       0x30 /home/LLVM_MYSQL/knob_profiler/glibcForPRELOAD/glibc-2.31/build/libc_pic.a(uname.os)
 .eh_frame      0x0000000000003978       0x30 /home/LLVM_MYSQL/knob_profiler/glibcForPRELOAD/glibc-2.31/build/libc_pic.a(_exit.os)
 .eh_frame      0x00000000000039a8       0x30 /home/LLVM_MYSQL/knob_profiler/glibcForPRELOAD/glibc-2.31/build/libc_pic.a(getpid.os)
 .eh_frame      0x00000000000039d8       0x30 /home/LLVM_MYSQL/knob_profiler/glibcForPRELOAD/glibc-2.31/build/libc_pic.a(xstat.os)
 .eh_frame      0x0000000000003a08       0x30 /home/LLVM_MYSQL/knob_profiler/glibcForPRELOAD/glibc-2.31/build/libc_pic.a(fxstat.os)
 .eh_frame      0x0000000000003a38       0x30 /home/LLVM_MYSQL/knob_profiler/glibcForPRELOAD/glibc-2.31/build/libc_pic.a(lxstat.os)
 .eh_frame      0x0000000000003a68       0x30 /home/LLVM_MYSQL/knob_profiler/glibcForPRELOAD/glibc-2.31/build/libc_pic.a(lseek64.os)
 .eh_frame      0x0000000000003a98       0x30 /home/LLVM_MYSQL/knob_profiler/glibcForPRELOAD/glibc-2.31/build/libc_pic.a(access.os)
 .eh_frame      0x0000000000003ac8       0x30 /home/LLVM_MYSQL/knob_profiler/glibcForPRELOAD/glibc-2.31/build/libc_pic.a(close_nocancel.os)
 .eh_frame      0x0000000000003af8       0x48 /home/LLVM_MYSQL/knob_profiler/glibcForPRELOAD/glibc-2.31/build/libc_pic.a(fcntl_nocancel.os)
 .eh_frame      0x0000000000003b40       0x30 /home/LLVM_MYSQL/knob_profiler/glibcForPRELOAD/glibc-2.31/build/libc_pic.a(open64_nocancel.os)
 .eh_frame      0x0000000000003b70       0x30 /home/LLVM_MYSQL/knob_profiler/glibcForPRELOAD/glibc-2.31/build/libc_pic.a(openat64_nocancel.os)
 .eh_frame      0x0000000000003ba0       0x30 /home/LLVM_MYSQL/knob_profiler/glibcForPRELOAD/glibc-2.31/build/libc_pic.a(read_nocancel.os)
 .eh_frame      0x0000000000003bd0       0x30 /home/LLVM_MYSQL/knob_profiler/glibcForPRELOAD/glibc-2.31/build/libc_pic.a(pread64_nocancel.os)
 .eh_frame      0x0000000000003c00       0x30 /home/LLVM_MYSQL/knob_profiler/glibcForPRELOAD/glibc-2.31/build/libc_pic.a(write_nocancel.os)
 .eh_frame      0x0000000000003c30       0x48 /home/LLVM_MYSQL/knob_profiler/glibcForPRELOAD/glibc-2.31/build/libc_pic.a(mmap64.os)
 .eh_frame      0x0000000000003c78       0x30 /home/LLVM_MYSQL/knob_profiler/glibcForPRELOAD/glibc-2.31/build/libc_pic.a(munmap.os)
 .eh_frame      0x0000000000003ca8       0x30 /home/LLVM_MYSQL/knob_profiler/glibcForPRELOAD/glibc-2.31/build/libc_pic.a(mprotect.os)
 .eh_frame      0x0000000000003cd8      0x218 /home/LLVM_MYSQL/knob_profiler/glibcForPRELOAD/glibc-2.31/build/libc_pic.a(profil.os)
 .eh_frame      0x0000000000003ef0       0x30 /home/LLVM_MYSQL/knob_profiler/glibcForPRELOAD/glibc-2.31/build/libc_pic.a(prof-freq.os)
 .eh_frame      0x0000000000003f20       0x68 /home/LLVM_MYSQL/knob_profiler/glibcForPRELOAD/glibc-2.31/build/libc_pic.a(dl-iteratephdr.os)
 .eh_frame      0x0000000000003f88       0x30 /home/LLVM_MYSQL/knob_profiler/glibcForPRELOAD/glibc-2.31/build/libc_pic.a(dl-addr-obj.os)
 .eh_frame      0x0000000000003fb8       0xe0 /home/LLVM_MYSQL/knob_profiler/glibcForPRELOAD/glibc-2.31/build/libc_pic.a(sigaction.os)
                                         0xe8 (size before relaxing)
 .eh_frame      0x0000000000004098       0x30 /home/LLVM_MYSQL/knob_profiler/glibcForPRELOAD/glibc-2.31/build/libc_pic.a(libc-lowlevellock.os)
 .eh_frame      0x00000000000040c8       0x58 /home/LLVM_MYSQL/knob_profiler/glibcForPRELOAD/glibc-2.31/build/libc_pic.a(gettimeofday.os)
 .eh_frame      0x0000000000004120       0x30 /home/LLVM_MYSQL/knob_profiler/glibcForPRELOAD/glibc-2.31/build/libc_pic.a(setitimer.os)
 .eh_frame      0x0000000000004150       0x30 /home/LLVM_MYSQL/knob_profiler/glibcForPRELOAD/glibc-2.31/build/libc_pic.a(getdents64.os)
 .eh_frame      0x0000000000004180       0x2c /home/LLVM_MYSQL/knob_profiler/glibcForPRELOAD/glibc-2.31/build/libc_pic.a(gettid.os)
                                         0x30 (size before relaxing)

.gcc_except_table
 *(.gcc_except_table)

.gnu_extab
 *(.gnu_extab*)

.exception_ranges
 *(.exception_ranges)

.eh_frame
 *(.eh_frame)

.gnu_extab
 *(.gnu_extab)

.gcc_except_table
 *(.gcc_except_table)

.exception_ranges
 *(.exception_ranges)

.tdata
 *(.tdata)

.tbss           0x0000000000000000        0x4
 *(.tbss)
 .tbss          0x0000000000000000        0x4 /home/LLVM_MYSQL/knob_profiler/glibcForPRELOAD/glibc-2.31/build/libc_pic.a(errno.os)
                0x0000000000000000                errno
                0x0000000000000000                __libc_errno

.jcr
 *(.jcr)

.dynamic
 *(.dynamic)

.got
 *(.got)

.got.plt
 *(.got.plt)

.data           0x0000000000000000      0xff1
 *(.data)
 .data          0x0000000000000000      0xf98 /home/LLVM_MYSQL/knob_profiler/glibcForPRELOAD/glibc-2.31/build/elf/dl-allobjs.os
                0x0000000000000000                _rtld_global
                0x0000000000000000                _rtld_local
 .data          0x0000000000000f98        0x0 /home/LLVM_MYSQL/knob_profiler/glibcForPRELOAD/glibc-2.31/build/libc_pic.a(check_fds.os)
 .data          0x0000000000000f98        0x0 /home/LLVM_MYSQL/knob_profiler/glibcForPRELOAD/glibc-2.31/build/libc_pic.a(errno.os)
 .data          0x0000000000000f98        0x0 /home/LLVM_MYSQL/knob_profiler/glibcForPRELOAD/glibc-2.31/build/libc_pic.a(setjmp.os)
 .data          0x0000000000000f98        0x0 /home/LLVM_MYSQL/knob_profiler/glibcForPRELOAD/glibc-2.31/build/libc_pic.a(__longjmp.os)
 .data          0x0000000000000f98        0x0 /home/LLVM_MYSQL/knob_profiler/glibcForPRELOAD/glibc-2.31/build/libc_pic.a(scratch_buffer_set_array_size.os)
 .data          0x0000000000000f98        0x0 /home/LLVM_MYSQL/knob_profiler/glibcForPRELOAD/glibc-2.31/build/libc_pic.a(strchr.os)
 .data          0x0000000000000f98        0x0 /home/LLVM_MYSQL/knob_profiler/glibcForPRELOAD/glibc-2.31/build/libc_pic.a(strcmp.os)
 .data          0x0000000000000f98        0x0 /home/LLVM_MYSQL/knob_profiler/glibcForPRELOAD/glibc-2.31/build/libc_pic.a(strcspn.os)
 .data          0x0000000000000f98        0x0 /home/LLVM_MYSQL/knob_profiler/glibcForPRELOAD/glibc-2.31/build/libc_pic.a(strdup.os)
 .data          0x0000000000000f98        0x0 /home/LLVM_MYSQL/knob_profiler/glibcForPRELOAD/glibc-2.31/build/libc_pic.a(strlen.os)
 .data          0x0000000000000f98        0x0 /home/LLVM_MYSQL/knob_profiler/glibcForPRELOAD/glibc-2.31/build/libc_pic.a(strnlen.os)
 .data          0x0000000000000f98        0x0 /home/LLVM_MYSQL/knob_profiler/glibcForPRELOAD/glibc-2.31/build/libc_pic.a(strncmp.os)
 .data          0x0000000000000f98        0x0 /home/LLVM_MYSQL/knob_profiler/glibcForPRELOAD/glibc-2.31/build/libc_pic.a(memchr.os)
 .data          0x0000000000000f98        0x0 /home/LLVM_MYSQL/knob_profiler/glibcForPRELOAD/glibc-2.31/build/libc_pic.a(memcmp.os)
 .data          0x0000000000000f98        0x0 /home/LLVM_MYSQL/knob_profiler/glibcForPRELOAD/glibc-2.31/build/libc_pic.a(memmove.os)
 .data          0x0000000000000f98        0x0 /home/LLVM_MYSQL/knob_profiler/glibcForPRELOAD/glibc-2.31/build/libc_pic.a(memset.os)
 .data          0x0000000000000f98        0x0 /home/LLVM_MYSQL/knob_profiler/glibcForPRELOAD/glibc-2.31/build/libc_pic.a(mempcpy.os)
 .data          0x0000000000000f98        0x0 /home/LLVM_MYSQL/knob_profiler/glibcForPRELOAD/glibc-2.31/build/libc_pic.a(stpcpy.os)
 .data          0x0000000000000f98        0x0 /home/LLVM_MYSQL/knob_profiler/glibcForPRELOAD/glibc-2.31/build/libc_pic.a(memcpy.os)
 .data          0x0000000000000f98        0x0 /home/LLVM_MYSQL/knob_profiler/glibcForPRELOAD/glibc-2.31/build/libc_pic.a(rawmemchr.os)
 .data          0x0000000000000f98        0x0 /home/LLVM_MYSQL/knob_profiler/glibcForPRELOAD/glibc-2.31/build/libc_pic.a(strcmp-sse2.os)
 .data          0x0000000000000f98        0x0 /home/LLVM_MYSQL/knob_profiler/glibcForPRELOAD/glibc-2.31/build/libc_pic.a(strcmp-sse2-unaligned.os)
 .data          0x0000000000000f98        0x0 /home/LLVM_MYSQL/knob_profiler/glibcForPRELOAD/glibc-2.31/build/libc_pic.a(strcmp-ssse3.os)
 .data          0x0000000000000f98        0x0 /home/LLVM_MYSQL/knob_profiler/glibcForPRELOAD/glibc-2.31/build/libc_pic.a(strcmp-avx2.os)
 .data          0x0000000000000f98        0x0 /home/LLVM_MYSQL/knob_profiler/glibcForPRELOAD/glibc-2.31/build/libc_pic.a(strncmp-sse2.os)
 .data          0x0000000000000f98        0x0 /home/LLVM_MYSQL/knob_profiler/glibcForPRELOAD/glibc-2.31/build/libc_pic.a(strncmp-ssse3.os)
 .data          0x0000000000000f98        0x0 /home/LLVM_MYSQL/knob_profiler/glibcForPRELOAD/glibc-2.31/build/libc_pic.a(strncmp-sse4_2.os)
 .data          0x0000000000000f98        0x0 /home/LLVM_MYSQL/knob_profiler/glibcForPRELOAD/glibc-2.31/build/libc_pic.a(strncmp-avx2.os)
 .data          0x0000000000000f98        0x0 /home/LLVM_MYSQL/knob_profiler/glibcForPRELOAD/glibc-2.31/build/libc_pic.a(memchr-sse2.os)
 .data          0x0000000000000f98        0x0 /home/LLVM_MYSQL/knob_profiler/glibcForPRELOAD/glibc-2.31/build/libc_pic.a(rawmemchr-sse2.os)
 .data          0x0000000000000f98        0x0 /home/LLVM_MYSQL/knob_profiler/glibcForPRELOAD/glibc-2.31/build/libc_pic.a(memchr-avx2.os)
 .data          0x0000000000000f98        0x0 /home/LLVM_MYSQL/knob_profiler/glibcForPRELOAD/glibc-2.31/build/libc_pic.a(rawmemchr-avx2.os)
 .data          0x0000000000000f98        0x0 /home/LLVM_MYSQL/knob_profiler/glibcForPRELOAD/glibc-2.31/build/libc_pic.a(memcmp-sse2.os)
 .data          0x0000000000000f98        0x0 /home/LLVM_MYSQL/knob_profiler/glibcForPRELOAD/glibc-2.31/build/libc_pic.a(memcmp-avx2-movbe.os)
 .data          0x0000000000000f98        0x0 /home/LLVM_MYSQL/knob_profiler/glibcForPRELOAD/glibc-2.31/build/libc_pic.a(memcmp-sse4.os)
 .data          0x0000000000000f98        0x0 /home/LLVM_MYSQL/knob_profiler/glibcForPRELOAD/glibc-2.31/build/libc_pic.a(memcpy-ssse3.os)
 .data          0x0000000000000f98        0x0 /home/LLVM_MYSQL/knob_profiler/glibcForPRELOAD/glibc-2.31/build/libc_pic.a(memmove-ssse3.os)
 .data          0x0000000000000f98        0x0 /home/LLVM_MYSQL/knob_profiler/glibcForPRELOAD/glibc-2.31/build/libc_pic.a(memcpy-ssse3-back.os)
 .data          0x0000000000000f98        0x0 /home/LLVM_MYSQL/knob_profiler/glibcForPRELOAD/glibc-2.31/build/libc_pic.a(memmove-ssse3-back.os)
 .data          0x0000000000000f98        0x0 /home/LLVM_MYSQL/knob_profiler/glibcForPRELOAD/glibc-2.31/build/libc_pic.a(memmove-avx512-no-vzeroupper.os)
 .data          0x0000000000000f98        0x0 /home/LLVM_MYSQL/knob_profiler/glibcForPRELOAD/glibc-2.31/build/libc_pic.a(strchr-sse2.os)
 .data          0x0000000000000f98        0x0 /home/LLVM_MYSQL/knob_profiler/glibcForPRELOAD/glibc-2.31/build/libc_pic.a(strchr-avx2.os)
 .data          0x0000000000000f98        0x0 /home/LLVM_MYSQL/knob_profiler/glibcForPRELOAD/glibc-2.31/build/libc_pic.a(strlen-sse2.os)
 .data          0x0000000000000f98        0x0 /home/LLVM_MYSQL/knob_profiler/glibcForPRELOAD/glibc-2.31/build/libc_pic.a(strnlen-sse2.os)
 .data          0x0000000000000f98        0x0 /home/LLVM_MYSQL/knob_profiler/glibcForPRELOAD/glibc-2.31/build/libc_pic.a(strlen-avx2.os)
 .data          0x0000000000000f98        0x0 /home/LLVM_MYSQL/knob_profiler/glibcForPRELOAD/glibc-2.31/build/libc_pic.a(strnlen-avx2.os)
 .data          0x0000000000000f98        0x0 /home/LLVM_MYSQL/knob_profiler/glibcForPRELOAD/glibc-2.31/build/libc_pic.a(stpcpy-sse2.os)
 .data          0x0000000000000f98        0x0 /home/LLVM_MYSQL/knob_profiler/glibcForPRELOAD/glibc-2.31/build/libc_pic.a(stpcpy-ssse3.os)
 .data          0x0000000000000f98        0x0 /home/LLVM_MYSQL/knob_profiler/glibcForPRELOAD/glibc-2.31/build/libc_pic.a(stpcpy-sse2-unaligned.os)
 .data          0x0000000000000f98        0x0 /home/LLVM_MYSQL/knob_profiler/glibcForPRELOAD/glibc-2.31/build/libc_pic.a(stpcpy-avx2.os)
 .data          0x0000000000000f98        0x0 /home/LLVM_MYSQL/knob_profiler/glibcForPRELOAD/glibc-2.31/build/libc_pic.a(strchr-sse2-no-bsf.os)
 .data          0x0000000000000f98        0x0 /home/LLVM_MYSQL/knob_profiler/glibcForPRELOAD/glibc-2.31/build/libc_pic.a(memcmp-ssse3.os)
 .data          0x0000000000000f98        0x0 /home/LLVM_MYSQL/knob_profiler/glibcForPRELOAD/glibc-2.31/build/libc_pic.a(strcspn-sse2.os)
 .data          0x0000000000000f98        0x0 /home/LLVM_MYSQL/knob_profiler/glibcForPRELOAD/glibc-2.31/build/libc_pic.a(strcspn-c.os)
 .data          0x0000000000000f98        0x0 /home/LLVM_MYSQL/knob_profiler/glibcForPRELOAD/glibc-2.31/build/libc_pic.a(varshift.os)
 .data          0x0000000000000f98        0x0 /home/LLVM_MYSQL/knob_profiler/glibcForPRELOAD/glibc-2.31/build/libc_pic.a(memset-avx512-no-vzeroupper.os)
 .data          0x0000000000000f98        0x0 /home/LLVM_MYSQL/knob_profiler/glibcForPRELOAD/glibc-2.31/build/libc_pic.a(memmove-sse2-unaligned-erms.os)
 .data          0x0000000000000f98        0x0 /home/LLVM_MYSQL/knob_profiler/glibcForPRELOAD/glibc-2.31/build/libc_pic.a(memmove-avx-unaligned-erms.os)
 .data          0x0000000000000f98        0x0 /home/LLVM_MYSQL/knob_profiler/glibcForPRELOAD/glibc-2.31/build/libc_pic.a(memmove-avx512-unaligned-erms.os)
 .data          0x0000000000000f98        0x0 /home/LLVM_MYSQL/knob_profiler/glibcForPRELOAD/glibc-2.31/build/libc_pic.a(memset-sse2-unaligned-erms.os)
 .data          0x0000000000000f98        0x0 /home/LLVM_MYSQL/knob_profiler/glibcForPRELOAD/glibc-2.31/build/libc_pic.a(memset-avx2-unaligned-erms.os)
 .data          0x0000000000000f98        0x0 /home/LLVM_MYSQL/knob_profiler/glibcForPRELOAD/glibc-2.31/build/libc_pic.a(memset-avx512-unaligned-erms.os)
 .data          0x0000000000000f98       0x40 /home/LLVM_MYSQL/knob_profiler/glibcForPRELOAD/glibc-2.31/build/libc_pic.a(cacheinfo.os)
                0x0000000000000f98                __x86_raw_shared_cache_size
                0x0000000000000fa0                __x86_raw_shared_cache_size_half
                0x0000000000000fa8                __x86_shared_cache_size
                0x0000000000000fb0                __x86_shared_cache_size_half
                0x0000000000000fb8                __x86_raw_data_cache_size
                0x0000000000000fc0                __x86_raw_data_cache_size_half
                0x0000000000000fc8                __x86_data_cache_size
                0x0000000000000fd0                __x86_data_cache_size_half
 .data          0x0000000000000fd8        0x0 /home/LLVM_MYSQL/knob_profiler/glibcForPRELOAD/glibc-2.31/build/libc_pic.a(closedir.os)
 .data          0x0000000000000fd8        0x0 /home/LLVM_MYSQL/knob_profiler/glibcForPRELOAD/glibc-2.31/build/libc_pic.a(rewinddir.os)
 .data          0x0000000000000fd8        0x0 /home/LLVM_MYSQL/knob_profiler/glibcForPRELOAD/glibc-2.31/build/libc_pic.a(readdir64.os)
 .data          0x0000000000000fd8        0x0 /home/LLVM_MYSQL/knob_profiler/glibcForPRELOAD/glibc-2.31/build/libc_pic.a(fdopendir.os)
 .data          0x0000000000000fd8        0x0 /home/LLVM_MYSQL/knob_profiler/glibcForPRELOAD/glibc-2.31/build/libc_pic.a(uname.os)
 .data          0x0000000000000fd8        0x0 /home/LLVM_MYSQL/knob_profiler/glibcForPRELOAD/glibc-2.31/build/libc_pic.a(_exit.os)
 .data          0x0000000000000fd8        0x0 /home/LLVM_MYSQL/knob_profiler/glibcForPRELOAD/glibc-2.31/build/libc_pic.a(getpid.os)
 .data          0x0000000000000fd8        0x0 /home/LLVM_MYSQL/knob_profiler/glibcForPRELOAD/glibc-2.31/build/libc_pic.a(environ.os)
 .data          0x0000000000000fd8        0x0 /home/LLVM_MYSQL/knob_profiler/glibcForPRELOAD/glibc-2.31/build/libc_pic.a(xstat.os)
 .data          0x0000000000000fd8        0x0 /home/LLVM_MYSQL/knob_profiler/glibcForPRELOAD/glibc-2.31/build/libc_pic.a(fxstat.os)
 .data          0x0000000000000fd8        0x0 /home/LLVM_MYSQL/knob_profiler/glibcForPRELOAD/glibc-2.31/build/libc_pic.a(lxstat.os)
 .data          0x0000000000000fd8        0x0 /home/LLVM_MYSQL/knob_profiler/glibcForPRELOAD/glibc-2.31/build/libc_pic.a(lseek64.os)
 .data          0x0000000000000fd8        0x0 /home/LLVM_MYSQL/knob_profiler/glibcForPRELOAD/glibc-2.31/build/libc_pic.a(access.os)
 .data          0x0000000000000fd8        0x0 /home/LLVM_MYSQL/knob_profiler/glibcForPRELOAD/glibc-2.31/build/libc_pic.a(close_nocancel.os)
 .data          0x0000000000000fd8        0x0 /home/LLVM_MYSQL/knob_profiler/glibcForPRELOAD/glibc-2.31/build/libc_pic.a(fcntl_nocancel.os)
 .data          0x0000000000000fd8        0x0 /home/LLVM_MYSQL/knob_profiler/glibcForPRELOAD/glibc-2.31/build/libc_pic.a(open64_nocancel.os)
 .data          0x0000000000000fd8        0x0 /home/LLVM_MYSQL/knob_profiler/glibcForPRELOAD/glibc-2.31/build/libc_pic.a(openat64_nocancel.os)
 .data          0x0000000000000fd8        0x0 /home/LLVM_MYSQL/knob_profiler/glibcForPRELOAD/glibc-2.31/build/libc_pic.a(read_nocancel.os)
 .data          0x0000000000000fd8        0x0 /home/LLVM_MYSQL/knob_profiler/glibcForPRELOAD/glibc-2.31/build/libc_pic.a(pread64_nocancel.os)
 .data          0x0000000000000fd8        0x0 /home/LLVM_MYSQL/knob_profiler/glibcForPRELOAD/glibc-2.31/build/libc_pic.a(write_nocancel.os)
 .data          0x0000000000000fd8        0x0 /home/LLVM_MYSQL/knob_profiler/glibcForPRELOAD/glibc-2.31/build/libc_pic.a(mmap64.os)
 .data          0x0000000000000fd8        0x0 /home/LLVM_MYSQL/knob_profiler/glibcForPRELOAD/glibc-2.31/build/libc_pic.a(munmap.os)
 .data          0x0000000000000fd8        0x0 /home/LLVM_MYSQL/knob_profiler/glibcForPRELOAD/glibc-2.31/build/libc_pic.a(mprotect.os)
 *fill*         0x0000000000000fd8        0x8 
 .data          0x0000000000000fe0       0x11 /home/LLVM_MYSQL/knob_profiler/glibcForPRELOAD/glibc-2.31/build/libc_pic.a(profil.os)
 .data          0x0000000000000ff1        0x0 /home/LLVM_MYSQL/knob_profiler/glibcForPRELOAD/glibc-2.31/build/libc_pic.a(prof-freq.os)
 .data          0x0000000000000ff1        0x0 /home/LLVM_MYSQL/knob_profiler/glibcForPRELOAD/glibc-2.31/build/libc_pic.a(dl-iteratephdr.os)
 .data          0x0000000000000ff1        0x0 /home/LLVM_MYSQL/knob_profiler/glibcForPRELOAD/glibc-2.31/build/libc_pic.a(dl-addr-obj.os)
 .data          0x0000000000000ff1        0x0 /home/LLVM_MYSQL/knob_profiler/glibcForPRELOAD/glibc-2.31/build/libc_pic.a(sigaction.os)
 .data          0x0000000000000ff1        0x0 /home/LLVM_MYSQL/knob_profiler/glibcForPRELOAD/glibc-2.31/build/libc_pic.a(libc-lowlevellock.os)
 .data          0x0000000000000ff1        0x0 /home/LLVM_MYSQL/knob_profiler/glibcForPRELOAD/glibc-2.31/build/libc_pic.a(gettimeofday.os)
 .data          0x0000000000000ff1        0x0 /home/LLVM_MYSQL/knob_profiler/glibcForPRELOAD/glibc-2.31/build/libc_pic.a(setitimer.os)
 .data          0x0000000000000ff1        0x0 /home/LLVM_MYSQL/knob_profiler/glibcForPRELOAD/glibc-2.31/build/libc_pic.a(getdents64.os)
 .data          0x0000000000000ff1        0x0 /home/LLVM_MYSQL/knob_profiler/glibcForPRELOAD/glibc-2.31/build/libc_pic.a(gettid.os)

.data.rel.ro    0x0000000000000000      0x944
 .data.rel.ro   0x0000000000000000      0x944 /home/LLVM_MYSQL/knob_profiler/glibcForPRELOAD/glibc-2.31/build/elf/dl-allobjs.os
                0x00000000000000d0                __pointer_chk_guard_local
                0x00000000000000d8                _dl_skip_args
                0x00000000000000e0                __GI__dl_argv
                0x00000000000000e0                _dl_argv
                0x00000000000000e8                _dl_argc
                0x0000000000000100                _rtld_global_ro
                0x0000000000000100                _rtld_local_ro
                0x0000000000000360                __stack_prot
                0x0000000000000930                _dl_random
                0x0000000000000938                __libc_stack_end
                0x0000000000000938                __GI___libc_stack_end
                0x0000000000000940                __GI___libc_enable_secure
                0x0000000000000940                __libc_enable_secure

.init_array     0x0000000000000000        0x8
 .init_array    0x0000000000000000        0x8 /home/LLVM_MYSQL/knob_profiler/glibcForPRELOAD/glibc-2.31/build/libc_pic.a(cacheinfo.os)

.data1
 *(.data1)

.bss            0x0000000000000000      0x248
 *(.bss)
 .bss           0x0000000000000000      0x118 /home/LLVM_MYSQL/knob_profiler/glibcForPRELOAD/glibc-2.31/build/elf/dl-allobjs.os
                0x00000000000000e0                __libc_multiple_libcs
                0x0000000000000110                __curbrk
 .bss           0x0000000000000118        0x0 /home/LLVM_MYSQL/knob_profiler/glibcForPRELOAD/glibc-2.31/build/libc_pic.a(check_fds.os)
 .bss           0x0000000000000118        0x0 /home/LLVM_MYSQL/knob_profiler/glibcForPRELOAD/glibc-2.31/build/libc_pic.a(errno.os)
 .bss           0x0000000000000118        0x0 /home/LLVM_MYSQL/knob_profiler/glibcForPRELOAD/glibc-2.31/build/libc_pic.a(setjmp.os)
 .bss           0x0000000000000118        0x0 /home/LLVM_MYSQL/knob_profiler/glibcForPRELOAD/glibc-2.31/build/libc_pic.a(__longjmp.os)
 .bss           0x0000000000000118        0x0 /home/LLVM_MYSQL/knob_profiler/glibcForPRELOAD/glibc-2.31/build/libc_pic.a(scratch_buffer_set_array_size.os)
 .bss           0x0000000000000118        0x0 /home/LLVM_MYSQL/knob_profiler/glibcForPRELOAD/glibc-2.31/build/libc_pic.a(strchr.os)
 .bss           0x0000000000000118        0x0 /home/LLVM_MYSQL/knob_profiler/glibcForPRELOAD/glibc-2.31/build/libc_pic.a(strcmp.os)
 .bss           0x0000000000000118        0x0 /home/LLVM_MYSQL/knob_profiler/glibcForPRELOAD/glibc-2.31/build/libc_pic.a(strcspn.os)
 .bss           0x0000000000000118        0x0 /home/LLVM_MYSQL/knob_profiler/glibcForPRELOAD/glibc-2.31/build/libc_pic.a(strdup.os)
 .bss           0x0000000000000118        0x0 /home/LLVM_MYSQL/knob_profiler/glibcForPRELOAD/glibc-2.31/build/libc_pic.a(strlen.os)
 .bss           0x0000000000000118        0x0 /home/LLVM_MYSQL/knob_profiler/glibcForPRELOAD/glibc-2.31/build/libc_pic.a(strnlen.os)
 .bss           0x0000000000000118        0x0 /home/LLVM_MYSQL/knob_profiler/glibcForPRELOAD/glibc-2.31/build/libc_pic.a(strncmp.os)
 .bss           0x0000000000000118        0x0 /home/LLVM_MYSQL/knob_profiler/glibcForPRELOAD/glibc-2.31/build/libc_pic.a(memchr.os)
 .bss           0x0000000000000118        0x0 /home/LLVM_MYSQL/knob_profiler/glibcForPRELOAD/glibc-2.31/build/libc_pic.a(memcmp.os)
 .bss           0x0000000000000118        0x0 /home/LLVM_MYSQL/knob_profiler/glibcForPRELOAD/glibc-2.31/build/libc_pic.a(memmove.os)
 .bss           0x0000000000000118        0x0 /home/LLVM_MYSQL/knob_profiler/glibcForPRELOAD/glibc-2.31/build/libc_pic.a(memset.os)
 .bss           0x0000000000000118        0x0 /home/LLVM_MYSQL/knob_profiler/glibcForPRELOAD/glibc-2.31/build/libc_pic.a(mempcpy.os)
 .bss           0x0000000000000118        0x0 /home/LLVM_MYSQL/knob_profiler/glibcForPRELOAD/glibc-2.31/build/libc_pic.a(stpcpy.os)
 .bss           0x0000000000000118        0x0 /home/LLVM_MYSQL/knob_profiler/glibcForPRELOAD/glibc-2.31/build/libc_pic.a(memcpy.os)
 .bss           0x0000000000000118        0x0 /home/LLVM_MYSQL/knob_profiler/glibcForPRELOAD/glibc-2.31/build/libc_pic.a(rawmemchr.os)
 .bss           0x0000000000000118        0x0 /home/LLVM_MYSQL/knob_profiler/glibcForPRELOAD/glibc-2.31/build/libc_pic.a(strcmp-sse2.os)
 .bss           0x0000000000000118        0x0 /home/LLVM_MYSQL/knob_profiler/glibcForPRELOAD/glibc-2.31/build/libc_pic.a(strcmp-sse2-unaligned.os)
 .bss           0x0000000000000118        0x0 /home/LLVM_MYSQL/knob_profiler/glibcForPRELOAD/glibc-2.31/build/libc_pic.a(strcmp-ssse3.os)
 .bss           0x0000000000000118        0x0 /home/LLVM_MYSQL/knob_profiler/glibcForPRELOAD/glibc-2.31/build/libc_pic.a(strcmp-avx2.os)
 .bss           0x0000000000000118        0x0 /home/LLVM_MYSQL/knob_profiler/glibcForPRELOAD/glibc-2.31/build/libc_pic.a(strncmp-sse2.os)
 .bss           0x0000000000000118        0x0 /home/LLVM_MYSQL/knob_profiler/glibcForPRELOAD/glibc-2.31/build/libc_pic.a(strncmp-ssse3.os)
 .bss           0x0000000000000118        0x0 /home/LLVM_MYSQL/knob_profiler/glibcForPRELOAD/glibc-2.31/build/libc_pic.a(strncmp-sse4_2.os)
 .bss           0x0000000000000118        0x0 /home/LLVM_MYSQL/knob_profiler/glibcForPRELOAD/glibc-2.31/build/libc_pic.a(strncmp-avx2.os)
 .bss           0x0000000000000118        0x0 /home/LLVM_MYSQL/knob_profiler/glibcForPRELOAD/glibc-2.31/build/libc_pic.a(memchr-sse2.os)
 .bss           0x0000000000000118        0x0 /home/LLVM_MYSQL/knob_profiler/glibcForPRELOAD/glibc-2.31/build/libc_pic.a(rawmemchr-sse2.os)
 .bss           0x0000000000000118        0x0 /home/LLVM_MYSQL/knob_profiler/glibcForPRELOAD/glibc-2.31/build/libc_pic.a(memchr-avx2.os)
 .bss           0x0000000000000118        0x0 /home/LLVM_MYSQL/knob_profiler/glibcForPRELOAD/glibc-2.31/build/libc_pic.a(rawmemchr-avx2.os)
 .bss           0x0000000000000118        0x0 /home/LLVM_MYSQL/knob_profiler/glibcForPRELOAD/glibc-2.31/build/libc_pic.a(memcmp-sse2.os)
 .bss           0x0000000000000118        0x0 /home/LLVM_MYSQL/knob_profiler/glibcForPRELOAD/glibc-2.31/build/libc_pic.a(memcmp-avx2-movbe.os)
 .bss           0x0000000000000118        0x0 /home/LLVM_MYSQL/knob_profiler/glibcForPRELOAD/glibc-2.31/build/libc_pic.a(memcmp-sse4.os)
 .bss           0x0000000000000118        0x0 /home/LLVM_MYSQL/knob_profiler/glibcForPRELOAD/glibc-2.31/build/libc_pic.a(memcpy-ssse3.os)
 .bss           0x0000000000000118        0x0 /home/LLVM_MYSQL/knob_profiler/glibcForPRELOAD/glibc-2.31/build/libc_pic.a(memmove-ssse3.os)
 .bss           0x0000000000000118        0x0 /home/LLVM_MYSQL/knob_profiler/glibcForPRELOAD/glibc-2.31/build/libc_pic.a(memcpy-ssse3-back.os)
 .bss           0x0000000000000118        0x0 /home/LLVM_MYSQL/knob_profiler/glibcForPRELOAD/glibc-2.31/build/libc_pic.a(memmove-ssse3-back.os)
 .bss           0x0000000000000118        0x0 /home/LLVM_MYSQL/knob_profiler/glibcForPRELOAD/glibc-2.31/build/libc_pic.a(memmove-avx512-no-vzeroupper.os)
 .bss           0x0000000000000118        0x0 /home/LLVM_MYSQL/knob_profiler/glibcForPRELOAD/glibc-2.31/build/libc_pic.a(strchr-sse2.os)
 .bss           0x0000000000000118        0x0 /home/LLVM_MYSQL/knob_profiler/glibcForPRELOAD/glibc-2.31/build/libc_pic.a(strchr-avx2.os)
 .bss           0x0000000000000118        0x0 /home/LLVM_MYSQL/knob_profiler/glibcForPRELOAD/glibc-2.31/build/libc_pic.a(strlen-sse2.os)
 .bss           0x0000000000000118        0x0 /home/LLVM_MYSQL/knob_profiler/glibcForPRELOAD/glibc-2.31/build/libc_pic.a(strnlen-sse2.os)
 .bss           0x0000000000000118        0x0 /home/LLVM_MYSQL/knob_profiler/glibcForPRELOAD/glibc-2.31/build/libc_pic.a(strlen-avx2.os)
 .bss           0x0000000000000118        0x0 /home/LLVM_MYSQL/knob_profiler/glibcForPRELOAD/glibc-2.31/build/libc_pic.a(strnlen-avx2.os)
 .bss           0x0000000000000118        0x0 /home/LLVM_MYSQL/knob_profiler/glibcForPRELOAD/glibc-2.31/build/libc_pic.a(stpcpy-sse2.os)
 .bss           0x0000000000000118        0x0 /home/LLVM_MYSQL/knob_profiler/glibcForPRELOAD/glibc-2.31/build/libc_pic.a(stpcpy-ssse3.os)
 .bss           0x0000000000000118        0x0 /home/LLVM_MYSQL/knob_profiler/glibcForPRELOAD/glibc-2.31/build/libc_pic.a(stpcpy-sse2-unaligned.os)
 .bss           0x0000000000000118        0x0 /home/LLVM_MYSQL/knob_profiler/glibcForPRELOAD/glibc-2.31/build/libc_pic.a(stpcpy-avx2.os)
 .bss           0x0000000000000118        0x0 /home/LLVM_MYSQL/knob_profiler/glibcForPRELOAD/glibc-2.31/build/libc_pic.a(strchr-sse2-no-bsf.os)
 .bss           0x0000000000000118        0x0 /home/LLVM_MYSQL/knob_profiler/glibcForPRELOAD/glibc-2.31/build/libc_pic.a(memcmp-ssse3.os)
 .bss           0x0000000000000118        0x0 /home/LLVM_MYSQL/knob_profiler/glibcForPRELOAD/glibc-2.31/build/libc_pic.a(strcspn-sse2.os)
 .bss           0x0000000000000118        0x0 /home/LLVM_MYSQL/knob_profiler/glibcForPRELOAD/glibc-2.31/build/libc_pic.a(strcspn-c.os)
 .bss           0x0000000000000118        0x0 /home/LLVM_MYSQL/knob_profiler/glibcForPRELOAD/glibc-2.31/build/libc_pic.a(varshift.os)
 .bss           0x0000000000000118        0x0 /home/LLVM_MYSQL/knob_profiler/glibcForPRELOAD/glibc-2.31/build/libc_pic.a(memset-avx512-no-vzeroupper.os)